nohup: ignoring input
{"step": 100, "loss": 6.193151950836182, "seconds": 4.66315538296476}
{"step": 200, "loss": 5.412962913513184, "seconds": 9.211783427977934}
{"step": 300, "loss": 4.99271297454834, "seconds": 13.531058836029842}
{"step": 400, "loss": 4.5923967361450195, "seconds": 18.33955202391371}
{"step": 500, "loss": 4.37998628616333, "seconds": 23.176165420096368}
{"validation": {"step": 500, "bpb": 2.0660837234848697, "token_ppl": 78.69249848695601, "nll_nats": 1644060.9483797662, "targets": 376599, "utf8_bytes": 1148007, "seconds": 1.0578798858914524}}
{"step": 600, "loss": 4.102639675140381, "seconds": 27.54243640205823}
{"step": 700, "loss": 3.908602237701416, "seconds": 31.807938217185438}
{"step": 800, "loss": 3.9061455726623535, "seconds": 36.3827418112196}
{"step": 900, "loss": 3.7648723125457764, "seconds": 41.082032000180334}
{"step": 1000, "loss": 3.72883677482605, "seconds": 45.89333957922645}
{"validation": {"step": 1000, "bpb": 1.8146455278665796, "token_ppl": 46.25962370967071, "nll_nats": 1443982.067912205, "targets": 376599, "utf8_bytes": 1148007, "seconds": 0.9110624110326171}}
{"step": 1100, "loss": 3.603044033050537, "seconds": 50.533842839999124}
{"step": 1200, "loss": 3.6056442260742188, "seconds": 55.20383189502172}
{"step": 1300, "loss": 3.529081106185913, "seconds": 59.80297640315257}
{"step": 1400, "loss": 3.3843562602996826, "seconds": 64.44323696405627}
{"step": 1500, "loss": 3.3792760372161865, "seconds": 69.40536026703194}
{"validation": {"step": 1500, "bpb": 1.7326940065307561, "token_ppl": 38.904480026488635, "nll_nats": 1378770.1433628534, "targets": 376599, "utf8_bytes": 1148007, "seconds": 0.9378049930091947}}
{"step": 1600, "loss": 3.3666799068450928, "seconds": 74.10234503797255}
{"step": 1700, "loss": 3.475332260131836, "seconds": 79.04649939597584}
{"step": 1800, "loss": 3.3999650478363037, "seconds": 84.06585368118249}
{"step": 1900, "loss": 3.4184296131134033, "seconds": 88.8194957121741}
{"step": 2000, "loss": 3.3405470848083496, "seconds": 93.31668213405646}
{"validation": {"step": 2000, "bpb": 1.6891671279547544, "token_ppl": 35.486024814231826, "nll_nats": 1344134.160097388, "targets": 376599, "utf8_bytes": 1148007, "seconds": 0.9174133900087327}}
{"step": 2100, "loss": 3.2540199756622314, "seconds": 97.91335940710269}
{"step": 2200, "loss": 3.3348169326782227, "seconds": 102.86548214615323}
{"step": 2300, "loss": 3.304992437362671, "seconds": 107.41105655115098}
{"step": 2400, "loss": 3.277820110321045, "seconds": 112.09968294715509}
{"step": 2500, "loss": 3.2937064170837402, "seconds": 116.7199916059617}
{"validation": {"step": 2500, "bpb": 1.669047977405532, "token_ppl": 34.00909655529956, "nll_nats": 1328124.5911933947, "targets": 376599, "utf8_bytes": 1148007, "seconds": 0.9166646709199995}}
{"step": 2600, "loss": 3.327143669128418, "seconds": 121.00863851117902}
{"step": 2700, "loss": 3.3132855892181396, "seconds": 125.39856151421554}
{"step": 2800, "loss": 3.3154385089874268, "seconds": 130.0232769481372}
{"step": 2900, "loss": 3.1384034156799316, "seconds": 134.50242559215985}
{"step": 3000, "loss": 3.1321821212768555, "seconds": 139.1049577051308}
{"validation": {"step": 3000, "bpb": 1.6489881572072895, "token_ppl": 32.59772432369135, "nll_nats": 1312162.233693272, "targets": 376599, "utf8_bytes": 1148007, "seconds": 0.9176644678227603}}
{"step": 3100, "loss": 3.2332816123962402, "seconds": 143.72285645641387}
{"step": 3200, "loss": 3.1816487312316895, "seconds": 148.50019541522488}
{"step": 3300, "loss": 3.1220712661743164, "seconds": 152.8624971313402}
{"step": 3400, "loss": 3.0708961486816406, "seconds": 157.60595858329907}
{"step": 3500, "loss": 3.1556203365325928, "seconds": 162.293268538313}
{"validation": {"step": 3500, "bpb": 1.632153484025503, "token_ppl": 31.458572608654357, "nll_nats": 1298766.2476340875, "targets": 376599, "utf8_bytes": 1148007, "seconds": 0.9184294680599123}}
{"step": 3600, "loss": 3.1196341514587402, "seconds": 166.92481196136214}
{"step": 3700, "loss": 3.13854718208313, "seconds": 171.53106885030866}
{"step": 3800, "loss": 3.1492507457733154, "seconds": 176.47614664630964}
{"step": 3900, "loss": 3.0750677585601807, "seconds": 180.88032786222175}
{"step": 4000, "loss": 3.058278799057007, "seconds": 185.50083370530047}
{"validation": {"step": 4000, "bpb": 1.616775311342786, "token_ppl": 30.452804575686272, "nll_nats": 1286529.2541000352, "targets": 376599, "utf8_bytes": 1148007, "seconds": 0.917771042091772}}
{"step": 4100, "loss": 2.9624581336975098, "seconds": 189.97098006424494}
{"step": 4200, "loss": 3.0864031314849854, "seconds": 194.8387727041263}
{"step": 4300, "loss": 2.9307734966278076, "seconds": 199.36441036616452}
{"step": 4400, "loss": 3.0695013999938965, "seconds": 204.14614817406982}
{"step": 4500, "loss": 3.025480270385742, "seconds": 209.00386034115218}
{"validation": {"step": 4500, "bpb": 1.6074276106205512, "token_ppl": 29.85722328127911, "nll_nats": 1279090.9351491234, "targets": 376599, "utf8_bytes": 1148007, "seconds": 0.9183155070059001}}
{"step": 4600, "loss": 3.076653480529785, "seconds": 213.68380124121904}
{"step": 4700, "loss": 2.9108450412750244, "seconds": 218.6654454660602}
{"step": 4800, "loss": 3.0852015018463135, "seconds": 223.40958405309357}
{"step": 4900, "loss": 3.023026466369629, "seconds": 228.12277814326808}
{"step": 5000, "loss": 3.0046427249908447, "seconds": 232.86944955820218}
{"validation": {"step": 5000, "bpb": 1.600523977564397, "token_ppl": 29.424854573047106, "nll_nats": 1273597.453263296, "targets": 376599, "utf8_bytes": 1148007, "seconds": 0.9241555668413639}}
{"step": 5100, "loss": 2.930540084838867, "seconds": 237.59324836940505}
{"step": 5200, "loss": 2.94757080078125, "seconds": 242.39700920623727}
{"step": 5300, "loss": 2.9899113178253174, "seconds": 246.98881983943284}
{"step": 5400, "loss": 3.087712049484253, "seconds": 251.66435639932752}
{"step": 5500, "loss": 3.004028558731079, "seconds": 256.26840110938065}
{"validation": {"step": 5500, "bpb": 1.5872222744370434, "token_ppl": 28.609355300058883, "nll_nats": 1263012.7850767926, "targets": 376599, "utf8_bytes": 1148007, "seconds": 0.9241987538989633}}
{"step": 5600, "loss": 2.972882032394409, "seconds": 260.60214016144164}
{"step": 5700, "loss": 2.967045307159424, "seconds": 264.943112938432}
{"step": 5800, "loss": 2.9479706287384033, "seconds": 269.4111129564699}
{"step": 5900, "loss": 3.0045981407165527, "seconds": 273.9725526503753}
{"step": 6000, "loss": 2.818624973297119, "seconds": 278.4310614403803}
{"validation": {"step": 6000, "bpb": 1.5846399692073545, "token_ppl": 28.45367910848393, "nll_nats": 1260957.9471548484, "targets": 376599, "utf8_bytes": 1148007, "seconds": 0.9240778230596334}}
{"step": 6100, "loss": 2.906554937362671, "seconds": 282.8286115822848}
{"step": 6200, "loss": 2.9072670936584473, "seconds": 287.3443839054089}
{"step": 6300, "loss": 2.9353904724121094, "seconds": 291.87627116031945}
{"step": 6400, "loss": 3.082390308380127, "seconds": 296.76903147040866}
{"step": 6500, "loss": 2.891991376876831, "seconds": 301.55867980839685}
{"validation": {"step": 6500, "bpb": 1.5753734928624985, "token_ppl": 27.90198397819365, "nll_nats": 1253584.2615125424, "targets": 376599, "utf8_bytes": 1148007, "seconds": 0.9242634458933026}}
{"step": 6600, "loss": 2.8218488693237305, "seconds": 306.53330296836793}
{"step": 6700, "loss": 2.881558656692505, "seconds": 311.51102576754056}
{"step": 6800, "loss": 2.8726956844329834, "seconds": 316.12657724437304}
{"step": 6900, "loss": 2.857897996902466, "seconds": 320.5856655854732}
{"step": 7000, "loss": 2.873375177383423, "seconds": 325.1328450695146}
{"validation": {"step": 7000, "bpb": 1.5677285008435025, "token_ppl": 27.45488880632902, "nll_nats": 1247500.8522652604, "targets": 376599, "utf8_bytes": 1148007, "seconds": 0.9250950790010393}}
{"step": 7100, "loss": 2.940413236618042, "seconds": 329.7080104125198}
{"step": 7200, "loss": 2.936549425125122, "seconds": 334.30254007549956}
{"step": 7300, "loss": 2.9715538024902344, "seconds": 338.3276445644442}
{"step": 7400, "loss": 2.833679437637329, "seconds": 343.26801822544076}
{"step": 7500, "loss": 3.0718235969543457, "seconds": 348.21227634046227}
{"validation": {"step": 7500, "bpb": 1.5606087117470608, "token_ppl": 27.04495378194533, "nll_nats": 1241835.3668441682, "targets": 376599, "utf8_bytes": 1148007, "seconds": 0.9255292869638652}}
{"step": 7600, "loss": 2.8547444343566895, "seconds": 352.8562886836007}
{"step": 7700, "loss": 2.8581910133361816, "seconds": 357.7842620674055}
{"step": 7800, "loss": 2.9149084091186523, "seconds": 362.523594643455}
{"step": 7900, "loss": 2.79976224899292, "seconds": 367.3864493444562}
{"step": 8000, "loss": 2.8239314556121826, "seconds": 372.04882685653865}
{"validation": {"step": 8000, "bpb": 1.5560498774906353, "token_ppl": 26.785690590612976, "nll_nats": 1238207.7300325856, "targets": 376599, "utf8_bytes": 1148007, "seconds": 0.9229663659352809}}
{"step": 8100, "loss": 2.856149911880493, "seconds": 376.7513994986657}
{"step": 8200, "loss": 2.811108350753784, "seconds": 381.6914744556416}
{"step": 8300, "loss": 2.9326910972595215, "seconds": 386.40270799561404}
{"step": 8400, "loss": 2.845693349838257, "seconds": 391.02079422865063}
{"step": 8500, "loss": 2.730344533920288, "seconds": 395.79655430465937}
{"validation": {"step": 8500, "bpb": 1.5496085734995, "token_ppl": 26.423601523358798, "nll_nats": 1233082.1408669122, "targets": 376599, "utf8_bytes": 1148007, "seconds": 0.922463129973039}}
{"step": 8600, "loss": 2.8534817695617676, "seconds": 400.4230403485708}
{"step": 8700, "loss": 2.851612091064453, "seconds": 404.8974336734973}
{"step": 8800, "loss": 2.7864737510681152, "seconds": 409.2720670446288}
{"step": 8900, "loss": 2.854403257369995, "seconds": 413.58355824952014}
{"step": 9000, "loss": 2.882077693939209, "seconds": 418.20521612954326}
{"validation": {"step": 9000, "bpb": 1.5436565728931388, "token_ppl": 26.09337058359272, "nll_nats": 1228345.9089076642, "targets": 376599, "utf8_bytes": 1148007, "seconds": 0.9243927849456668}}
{"step": 9100, "loss": 2.7011430263519287, "seconds": 422.6562858556863}
{"step": 9200, "loss": 2.7670235633850098, "seconds": 427.4304568497464}
{"step": 9300, "loss": 2.7770636081695557, "seconds": 431.8259525706526}
{"step": 9400, "loss": 2.7213521003723145, "seconds": 436.44190548569895}
{"step": 9500, "loss": 2.7822670936584473, "seconds": 441.2525590956211}
{"validation": {"step": 9500, "bpb": 1.5434384560385042, "token_ppl": 26.081347657702032, "nll_nats": 1228172.3450782744, "targets": 376599, "utf8_bytes": 1148007, "seconds": 0.9225326990708709}}
{"step": 9600, "loss": 2.77201247215271, "seconds": 445.58534471457824}
{"step": 9700, "loss": 2.8013951778411865, "seconds": 449.9812960086856}
{"step": 9800, "loss": 2.7739274501800537, "seconds": 454.77177704358473}
{"step": 9900, "loss": 2.6592891216278076, "seconds": 459.56737155560404}
{"step": 10000, "loss": 2.8148586750030518, "seconds": 464.3734246455133}
{"validation": {"step": 10000, "bpb": 1.5365185141533337, "token_ppl": 25.70277246635891, "nll_nats": 1222665.8856404754, "targets": 376599, "utf8_bytes": 1148007, "seconds": 0.9180844449438155}}
{"step": 10100, "loss": 2.710663318634033, "seconds": 468.8136719216127}
{"step": 10200, "loss": 2.676696538925171, "seconds": 473.6202835275326}
{"step": 10300, "loss": 2.6463818550109863, "seconds": 478.4310909546912}
{"step": 10400, "loss": 2.7596092224121094, "seconds": 483.27073806361295}
{"step": 10500, "loss": 2.806182622909546, "seconds": 488.0904799015261}
{"validation": {"step": 10500, "bpb": 1.5345193123941816, "token_ppl": 25.594427066957504, "nll_nats": 1221075.0452002776, "targets": 376599, "utf8_bytes": 1148007, "seconds": 0.9175667578820139}}
{"step": 10600, "loss": 2.788874387741089, "seconds": 492.75146826566197}
{"step": 10700, "loss": 2.6923303604125977, "seconds": 497.41476774076}
{"step": 10800, "loss": 2.8472914695739746, "seconds": 502.4142592616845}
{"step": 10900, "loss": 2.7078731060028076, "seconds": 506.9340775827877}
{"step": 11000, "loss": 2.7447707653045654, "seconds": 511.6781684476882}
{"validation": {"step": 11000, "bpb": 1.5283276118496023, "token_ppl": 25.261761084135586, "nll_nats": 1216148.0749358612, "targets": 376599, "utf8_bytes": 1148007, "seconds": 0.9201721420977265}}
{"step": 11100, "loss": 2.7231526374816895, "seconds": 516.0650076717138}
{"step": 11200, "loss": 2.6755237579345703, "seconds": 521.0267804847099}
{"step": 11300, "loss": 2.69930100440979, "seconds": 526.0028496817686}
{"step": 11400, "loss": 2.7140817642211914, "seconds": 530.7392280106433}
{"step": 11500, "loss": 2.665771007537842, "seconds": 535.6657921017613}
{"validation": {"step": 11500, "bpb": 1.5286557275796786, "token_ppl": 25.279281001973764, "nll_nats": 1216409.169030082, "targets": 376599, "utf8_bytes": 1148007, "seconds": 0.920451404992491}}
{"step": 11600, "loss": 2.6578683853149414, "seconds": 540.4762447106186}
{"step": 11700, "loss": 2.5652592182159424, "seconds": 545.5180965787731}
{"step": 11800, "loss": 2.634786605834961, "seconds": 550.1572265475988}
{"step": 11900, "loss": 2.669325828552246, "seconds": 555.1231498515699}
{"step": 12000, "loss": 2.6412546634674072, "seconds": 559.8884776707273}
{"validation": {"step": 12000, "bpb": 1.5239642309617538, "token_ppl": 25.029927098263034, "nll_nats": 1212675.9677607857, "targets": 376599, "utf8_bytes": 1148007, "seconds": 0.9223176089581102}}
{"step": 12100, "loss": 2.639737844467163, "seconds": 564.475922644604}
{"step": 12200, "loss": 2.6190059185028076, "seconds": 569.4348223477136}
{"step": 12300, "loss": 2.6046135425567627, "seconds": 574.3083279777784}
{"step": 12400, "loss": 2.590505838394165, "seconds": 579.0055085406639}
{"step": 12500, "loss": 2.708120822906494, "seconds": 583.7582677516621}
{"validation": {"step": 12500, "bpb": 1.523788975935395, "token_ppl": 25.020660069875508, "nll_nats": 1212536.5107089884, "targets": 376599, "utf8_bytes": 1148007, "seconds": 0.9196243959013373}}
{"step": 12600, "loss": 2.6269123554229736, "seconds": 588.4592016497627}
{"step": 12700, "loss": 2.595653533935547, "seconds": 593.2525622828398}
{"step": 12800, "loss": 2.654158115386963, "seconds": 597.8407727447338}
{"step": 12900, "loss": 2.58329701423645, "seconds": 602.6786310898606}
{"step": 13000, "loss": 2.6470119953155518, "seconds": 607.6082743068691}
{"validation": {"step": 13000, "bpb": 1.5180519839483548, "token_ppl": 24.71918997611676, "nll_nats": 1207971.3692387524, "targets": 376599, "utf8_bytes": 1148007, "seconds": 0.9533992451615632}}
{"step": 13100, "loss": 2.633237600326538, "seconds": 612.5233728257008}
{"step": 13200, "loss": 2.632868766784668, "seconds": 617.6643819387536}
{"step": 13300, "loss": 2.6362500190734863, "seconds": 622.4564021995757}
{"step": 13400, "loss": 2.6011133193969727, "seconds": 627.3402249217033}
{"step": 13500, "loss": 2.598628044128418, "seconds": 632.2893477575853}
{"validation": {"step": 13500, "bpb": 1.515977693972751, "token_ppl": 24.611085629992363, "nll_nats": 1206320.7782652394, "targets": 376599, "utf8_bytes": 1148007, "seconds": 0.9280184400267899}}
{"step": 13600, "loss": 2.4846715927124023, "seconds": 636.9650114576798}
{"step": 13700, "loss": 2.5210225582122803, "seconds": 641.7918607566971}
{"step": 13800, "loss": 2.579698085784912, "seconds": 646.4381460985169}
{"step": 13900, "loss": 2.5133602619171143, "seconds": 651.2626199505758}
{"step": 14000, "loss": 2.604565382003784, "seconds": 655.7213347335346}
{"validation": {"step": 14000, "bpb": 1.513777852955276, "token_ppl": 24.496954542589705, "nll_nats": 1204570.2815799578, "targets": 376599, "utf8_bytes": 1148007, "seconds": 0.9250155680347234}}
{"step": 14100, "loss": 2.5943443775177, "seconds": 660.1713003045879}
{"step": 14200, "loss": 2.5678703784942627, "seconds": 665.1137693615165}
{"step": 14300, "loss": 2.594404697418213, "seconds": 669.9441737525631}
{"step": 14400, "loss": 2.632005214691162, "seconds": 674.5454805756453}
{"step": 14500, "loss": 2.5026092529296875, "seconds": 679.427452119533}
{"validation": {"step": 14500, "bpb": 1.5125849728232996, "token_ppl": 24.43528758387464, "nll_nats": 1203621.0617498085, "targets": 376599, "utf8_bytes": 1148007, "seconds": 0.9217185601592064}}
{"step": 14600, "loss": 2.6457109451293945, "seconds": 683.948897656519}
{"step": 14700, "loss": 2.5498130321502686, "seconds": 688.8144482274074}
{"step": 14800, "loss": 2.545257091522217, "seconds": 693.5149049903266}
{"step": 14900, "loss": 2.530339002609253, "seconds": 698.1432630904019}
{"step": 15000, "loss": 2.3721179962158203, "seconds": 702.7265740104485}
{"validation": {"step": 15000, "bpb": 1.5122473823528646, "token_ppl": 24.417863755557683, "nll_nats": 1203352.4282463943, "targets": 376599, "utf8_bytes": 1148007, "seconds": 0.923883501207456}}
{"step": 15100, "loss": 2.5147812366485596, "seconds": 707.4125602832064}
{"step": 15200, "loss": 2.6454927921295166, "seconds": 712.4489458112512}
{"step": 15300, "loss": 2.527233600616455, "seconds": 717.3386293842923}
{"step": 15400, "loss": 2.569925308227539, "seconds": 721.9692779423203}
{"step": 15500, "loss": 2.6173698902130127, "seconds": 726.9884592671879}
{"validation": {"step": 15500, "bpb": 1.5100945788159994, "token_ppl": 24.307044426128424, "nll_nats": 1201639.3610631707, "targets": 376599, "utf8_bytes": 1148007, "seconds": 0.9244950350839645}}
{"step": 15600, "loss": 2.5359389781951904, "seconds": 731.5914058741182}
{"step": 15700, "loss": 2.4728498458862305, "seconds": 736.5250881342217}
{"step": 15800, "loss": 2.522298812866211, "seconds": 741.4825472722296}
{"step": 15900, "loss": 2.4332940578460693, "seconds": 746.3044551422354}
{"step": 16000, "loss": 2.5495855808258057, "seconds": 751.0280209891498}
{"validation": {"step": 16000, "bpb": 1.5102820597553004, "token_ppl": 24.316675309721106, "nll_nats": 1201788.546736223, "targets": 376599, "utf8_bytes": 1148007, "seconds": 0.9297489339951426}}
{"step": 16100, "loss": 2.5626237392425537, "seconds": 755.5455270311795}
{"step": 16200, "loss": 2.4429142475128174, "seconds": 760.540827609133}
{"step": 16300, "loss": 2.415876626968384, "seconds": 765.503891277127}
{"step": 16400, "loss": 2.541404962539673, "seconds": 770.5222122280393}
{"step": 16500, "loss": 2.462567090988159, "seconds": 775.6253346032463}
{"validation": {"step": 16500, "bpb": 1.508197211096581, "token_ppl": 24.20979115182908, "nll_nats": 1200129.553819275, "targets": 376599, "utf8_bytes": 1148007, "seconds": 0.9227220139000565}}
{"step": 16600, "loss": 2.4660186767578125, "seconds": 780.3344623052981}
{"step": 16700, "loss": 2.548177480697632, "seconds": 785.1200679033063}
{"step": 16800, "loss": 2.5119659900665283, "seconds": 789.5729162502103}
{"step": 16900, "loss": 2.432435989379883, "seconds": 794.2328579463065}
{"step": 17000, "loss": 2.4027557373046875, "seconds": 799.2247185132001}
{"validation": {"step": 17000, "bpb": 1.5069965049547744, "token_ppl": 24.148447755870322, "nll_nats": 1199174.1065371612, "targets": 376599, "utf8_bytes": 1148007, "seconds": 0.9216819480061531}}
{"step": 17100, "loss": 2.4264519214630127, "seconds": 803.9385942642111}
{"step": 17200, "loss": 2.451852321624756, "seconds": 808.7805689403322}
{"step": 17300, "loss": 2.472702741622925, "seconds": 813.6518309842795}
{"step": 17400, "loss": 2.4174814224243164, "seconds": 818.260760318255}
{"step": 17500, "loss": 2.4458649158477783, "seconds": 822.766157181235}
{"validation": {"step": 17500, "bpb": 1.5060625124576126, "token_ppl": 24.100838107338056, "nll_nats": 1198430.8933879507, "targets": 376599, "utf8_bytes": 1148007, "seconds": 0.9223700410220772}}
{"step": 17600, "loss": 2.3613319396972656, "seconds": 827.0508417361416}
{"step": 17700, "loss": 2.4905905723571777, "seconds": 832.0103253982961}
{"step": 17800, "loss": 2.475271701812744, "seconds": 837.0037926572841}
{"step": 17900, "loss": 2.4426941871643066, "seconds": 842.0027595062274}
{"step": 18000, "loss": 2.375246047973633, "seconds": 847.0096629601903}
{"validation": {"step": 18000, "bpb": 1.5043514388845955, "token_ppl": 24.013860627340183, "nll_nats": 1197069.3274411182, "targets": 376599, "utf8_bytes": 1148007, "seconds": 0.9289601799100637}}
{"step": 18100, "loss": 2.4409570693969727, "seconds": 851.7169789331965}
{"step": 18200, "loss": 2.407902240753174, "seconds": 856.6577471443452}
{"step": 18300, "loss": 2.4966583251953125, "seconds": 861.548264506273}
{"step": 18400, "loss": 2.4509265422821045, "seconds": 866.2848517962266}
{"step": 18500, "loss": 2.3682284355163574, "seconds": 871.1934876441956}
{"validation": {"step": 18500, "bpb": 1.506158823167817, "token_ppl": 24.105743138331587, "nll_nats": 1198507.5314620798, "targets": 376599, "utf8_bytes": 1148007, "seconds": 0.9192026930395514}}
{"step": 18600, "loss": 2.4617960453033447, "seconds": 875.9258411063347}
{"step": 18700, "loss": 2.4042282104492188, "seconds": 880.5035704693291}
{"step": 18800, "loss": 2.4806528091430664, "seconds": 885.1253022023011}
{"step": 18900, "loss": 2.368229389190674, "seconds": 889.9842159473337}
{"step": 19000, "loss": 2.341848373413086, "seconds": 894.6496915542521}
{"validation": {"step": 19000, "bpb": 1.5059394504402814, "token_ppl": 24.094572105068423, "nll_nats": 1198332.9682871315, "targets": 376599, "utf8_bytes": 1148007, "seconds": 0.9228104080539197}}
{"step": 19100, "loss": 2.408162832260132, "seconds": 898.839965473162}
{"step": 19200, "loss": 2.4371020793914795, "seconds": 903.6589793311432}
{"step": 19300, "loss": 2.3234777450561523, "seconds": 908.1379723122809}
{"step": 19400, "loss": 2.4441137313842773, "seconds": 912.7890293120872}
{"step": 19500, "loss": 2.4308979511260986, "seconds": 917.6310432052705}
{"validation": {"step": 19500, "bpb": 1.5070136359637232, "token_ppl": 24.149321875466985, "nll_nats": 1199187.738328796, "targets": 376599, "utf8_bytes": 1148007, "seconds": 0.9236582759767771}}
{"step": 19600, "loss": 2.4768011569976807, "seconds": 922.3705476752948}
{"step": 19700, "loss": 2.430039644241333, "seconds": 926.9450396241155}
{"step": 19800, "loss": 2.3808860778808594, "seconds": 931.8074843981303}
{"step": 19900, "loss": 2.4752023220062256, "seconds": 936.8445521963295}
{"step": 20000, "loss": 2.3654236793518066, "seconds": 941.3457158552483}
{"validation": {"step": 20000, "bpb": 1.5073403957577962, "token_ppl": 24.16600104112127, "nll_nats": 1199447.7534534638, "targets": 376599, "utf8_bytes": 1148007, "seconds": 0.9235238849651068}}
{
  "protocol": "7506-mp1-wt2-v2",
  "implementation": "student",
  "config": {
    "vocab": 2048,
    "width": 320,
    "heads": 8,
    "depth": 8,
    "context": 256,
    "dropout": 0.25
  },
  "seed": 17,
  "parameters": 10517120,
  "precision": "bf16",
  "train_tokens": 163840000,
  "preparation_seconds": 11.671533575979993,
  "train_seconds": 941.3945742661599,
  "validation": {
    "bpb": 1.5073403957577962,
    "token_ppl": 24.16600104112127,
    "nll_nats": 1199447.7534534638,
    "targets": 376599,
    "utf8_bytes": 1148007,
    "seconds": 0.9189677468966693
  },
  "history": [],
  "validation_history": [
    {
      "step": 500,
      "bpb": 2.0660837234848697,
      "token_ppl": 78.69249848695601,
      "nll_nats": 1644060.9483797662,
      "targets": 376599,
      "utf8_bytes": 1148007,
      "seconds": 1.0578798858914524
    },
    {
      "step": 1000,
      "bpb": 1.8146455278665796,
      "token_ppl": 46.25962370967071,
      "nll_nats": 1443982.067912205,
      "targets": 376599,
      "utf8_bytes": 1148007,
      "seconds": 0.9110624110326171
    },
    {
      "step": 1500,
      "bpb": 1.7326940065307561,
      "token_ppl": 38.904480026488635,
      "nll_nats": 1378770.1433628534,
      "targets": 376599,
      "utf8_bytes": 1148007,
      "seconds": 0.9378049930091947
    },
    {
      "step": 2000,
      "bpb": 1.6891671279547544,
      "token_ppl": 35.486024814231826,
      "nll_nats": 1344134.160097388,
      "targets": 376599,
      "utf8_bytes": 1148007,
      "seconds": 0.9174133900087327
    },
    {
      "step": 2500,
      "bpb": 1.669047977405532,
      "token_ppl": 34.00909655529956,
      "nll_nats": 1328124.5911933947,
      "targets": 376599,
      "utf8_bytes": 1148007,
      "seconds": 0.9166646709199995
    },
    {
      "step": 3000,
      "bpb": 1.6489881572072895,
      "token_ppl": 32.59772432369135,
      "nll_nats": 1312162.233693272,
      "targets": 376599,
      "utf8_bytes": 1148007,
      "seconds": 0.9176644678227603
    },
    {
      "step": 3500,
      "bpb": 1.632153484025503,
      "token_ppl": 31.458572608654357,
      "nll_nats": 1298766.2476340875,
      "targets": 376599,
      "utf8_bytes": 1148007,
      "seconds": 0.9184294680599123
    },
    {
      "step": 4000,
      "bpb": 1.616775311342786,
      "token_ppl": 30.452804575686272,
      "nll_nats": 1286529.2541000352,
      "targets": 376599,
      "utf8_bytes": 1148007,
      "seconds": 0.917771042091772
    },
    {
      "step": 4500,
      "bpb": 1.6074276106205512,
      "token_ppl": 29.85722328127911,
      "nll_nats": 1279090.9351491234,
      "targets": 376599,
      "utf8_bytes": 1148007,
      "seconds": 0.9183155070059001
    },
    {
      "step": 5000,
      "bpb": 1.600523977564397,
      "token_ppl": 29.424854573047106,
      "nll_nats": 1273597.453263296,
      "targets": 376599,
      "utf8_bytes": 1148007,
      "seconds": 0.9241555668413639
    },
    {
      "step": 5500,
      "bpb": 1.5872222744370434,
      "token_ppl": 28.609355300058883,
      "nll_nats": 1263012.7850767926,
      "targets": 376599,
      "utf8_bytes": 1148007,
      "seconds": 0.9241987538989633
    },
    {
      "step": 6000,
      "bpb": 1.5846399692073545,
      "token_ppl": 28.45367910848393,
      "nll_nats": 1260957.9471548484,
      "targets": 376599,
      "utf8_bytes": 1148007,
      "seconds": 0.9240778230596334
    },
    {
      "step": 6500,
      "bpb": 1.5753734928624985,
      "token_ppl": 27.90198397819365,
      "nll_nats": 1253584.2615125424,
      "targets": 376599,
      "utf8_bytes": 1148007,
      "seconds": 0.9242634458933026
    },
    {
      "step": 7000,
      "bpb": 1.5677285008435025,
      "token_ppl": 27.45488880632902,
      "nll_nats": 1247500.8522652604,
      "targets": 376599,
      "utf8_bytes": 1148007,
      "seconds": 0.9250950790010393
    },
    {
      "step": 7500,
      "bpb": 1.5606087117470608,
      "token_ppl": 27.04495378194533,
      "nll_nats": 1241835.3668441682,
      "targets": 376599,
      "utf8_bytes": 1148007,
      "seconds": 0.9255292869638652
    },
    {
      "step": 8000,
      "bpb": 1.5560498774906353,
      "token_ppl": 26.785690590612976,
      "nll_nats": 1238207.7300325856,
      "targets": 376599,
      "utf8_bytes": 1148007,
      "seconds": 0.9229663659352809
    },
    {
      "step": 8500,
      "bpb": 1.5496085734995,
      "token_ppl": 26.423601523358798,
      "nll_nats": 1233082.1408669122,
      "targets": 376599,
      "utf8_bytes": 1148007,
      "seconds": 0.922463129973039
    },
    {
      "step": 9000,
      "bpb": 1.5436565728931388,
      "token_ppl": 26.09337058359272,
      "nll_nats": 1228345.9089076642,
      "targets": 376599,
      "utf8_bytes": 1148007,
      "seconds": 0.9243927849456668
    },
    {
      "step": 9500,
      "bpb": 1.5434384560385042,
      "token_ppl": 26.081347657702032,
      "nll_nats": 1228172.3450782744,
      "targets": 376599,
      "utf8_bytes": 1148007,
      "seconds": 0.9225326990708709
    },
    {
      "step": 10000,
      "bpb": 1.5365185141533337,
      "token_ppl": 25.70277246635891,
      "nll_nats": 1222665.8856404754,
      "targets": 376599,
      "utf8_bytes": 1148007,
      "seconds": 0.9180844449438155
    },
    {
      "step": 10500,
      "bpb": 1.5345193123941816,
      "token_ppl": 25.594427066957504,
      "nll_nats": 1221075.0452002776,
      "targets": 376599,
      "utf8_bytes": 1148007,
      "seconds": 0.9175667578820139
    },
    {
      "step": 11000,
      "bpb": 1.5283276118496023,
      "token_ppl": 25.261761084135586,
      "nll_nats": 1216148.0749358612,
      "targets": 376599,
      "utf8_bytes": 1148007,
      "seconds": 0.9201721420977265
    },
    {
      "step": 11500,
      "bpb": 1.5286557275796786,
      "token_ppl": 25.279281001973764,
      "nll_nats": 1216409.169030082,
      "targets": 376599,
      "utf8_bytes": 1148007,
      "seconds": 0.920451404992491
    },
    {
      "step": 12000,
      "bpb": 1.5239642309617538,
      "token_ppl": 25.029927098263034,
      "nll_nats": 1212675.9677607857,
      "targets": 376599,
      "utf8_bytes": 1148007,
      "seconds": 0.9223176089581102
    },
    {
      "step": 12500,
      "bpb": 1.523788975935395,
      "token_ppl": 25.020660069875508,
      "nll_nats": 1212536.5107089884,
      "targets": 376599,
      "utf8_bytes": 1148007,
      "seconds": 0.9196243959013373
    },
    {
      "step": 13000,
      "bpb": 1.5180519839483548,
      "token_ppl": 24.71918997611676,
      "nll_nats": 1207971.3692387524,
      "targets": 376599,
      "utf8_bytes": 1148007,
      "seconds": 0.9533992451615632
    },
    {
      "step": 13500,
      "bpb": 1.515977693972751,
      "token_ppl": 24.611085629992363,
      "nll_nats": 1206320.7782652394,
      "targets": 376599,
      "utf8_bytes": 1148007,
      "seconds": 0.9280184400267899
    },
    {
      "step": 14000,
      "bpb": 1.513777852955276,
      "token_ppl": 24.496954542589705,
      "nll_nats": 1204570.2815799578,
      "targets": 376599,
      "utf8_bytes": 1148007,
      "seconds": 0.9250155680347234
    },
    {
      "step": 14500,
      "bpb": 1.5125849728232996,
      "token_ppl": 24.43528758387464,
      "nll_nats": 1203621.0617498085,
      "targets": 376599,
      "utf8_bytes": 1148007,
      "seconds": 0.9217185601592064
    },
    {
      "step": 15000,
      "bpb": 1.5122473823528646,
      "token_ppl": 24.417863755557683,
      "nll_nats": 1203352.4282463943,
      "targets": 376599,
      "utf8_bytes": 1148007,
      "seconds": 0.923883501207456
    },
    {
      "step": 15500,
      "bpb": 1.5100945788159994,
      "token_ppl": 24.307044426128424,
      "nll_nats": 1201639.3610631707,
      "targets": 376599,
      "utf8_bytes": 1148007,
      "seconds": 0.9244950350839645
    },
    {
      "step": 16000,
      "bpb": 1.5102820597553004,
      "token_ppl": 24.316675309721106,
      "nll_nats": 1201788.546736223,
      "targets": 376599,
      "utf8_bytes": 1148007,
      "seconds": 0.9297489339951426
    },
    {
      "step": 16500,
      "bpb": 1.508197211096581,
      "token_ppl": 24.20979115182908,
      "nll_nats": 1200129.553819275,
      "targets": 376599,
      "utf8_bytes": 1148007,
      "seconds": 0.9227220139000565
    },
    {
      "step": 17000,
      "bpb": 1.5069965049547744,
      "token_ppl": 24.148447755870322,
      "nll_nats": 1199174.1065371612,
      "targets": 376599,
      "utf8_bytes": 1148007,
      "seconds": 0.9216819480061531
    },
    {
      "step": 17500,
      "bpb": 1.5060625124576126,
      "token_ppl": 24.100838107338056,
      "nll_nats": 1198430.8933879507,
      "targets": 376599,
      "utf8_bytes": 1148007,
      "seconds": 0.9223700410220772
    },
    {
      "step": 18000,
      "bpb": 1.5043514388845955,
      "token_ppl": 24.013860627340183,
      "nll_nats": 1197069.3274411182,
      "targets": 376599,
      "utf8_bytes": 1148007,
      "seconds": 0.9289601799100637
    },
    {
      "step": 18500,
      "bpb": 1.506158823167817,
      "token_ppl": 24.105743138331587,
      "nll_nats": 1198507.5314620798,
      "targets": 376599,
      "utf8_bytes": 1148007,
      "seconds": 0.9192026930395514
    },
    {
      "step": 19000,
      "bpb": 1.5059394504402814,
      "token_ppl": 24.094572105068423,
      "nll_nats": 1198332.9682871315,
      "targets": 376599,
      "utf8_bytes": 1148007,
      "seconds": 0.9228104080539197
    },
    {
      "step": 19500,
      "bpb": 1.5070136359637232,
      "token_ppl": 24.149321875466985,
      "nll_nats": 1199187.738328796,
      "targets": 376599,
      "utf8_bytes": 1148007,
      "seconds": 0.9236582759767771
    },
    {
      "step": 20000,
      "bpb": 1.5073403957577962,
      "token_ppl": 24.16600104112127,
      "nll_nats": 1199447.7534534638,
      "targets": 376599,
      "utf8_bytes": 1148007,
      "seconds": 0.9235238849651068
    }
  ],
  "intermediate_validation_seconds": 37.06210625474341,
  "process_seconds": 991.458800801076,
  "torch_version": "2.7.1+cu126",
  "threads": 4,
  "checkpoint_sha256": "d5981da14abd8d8d5f92917612891c4e7bd1fe6dd8512299439fef343f4548d2",
  "implementation_sha256": "6e4bacc1c8c59683d4a249934ceacb7650621ac03f48e998c664e2fe5d1d65f7",
  "device": "cuda:0",
  "device_name": "NVIDIA GeForce RTX 3080 Ti",
  "peak_allocated_gb": 1.507064832,
  "peak_reserved_gb": 1.65675008
}
