nohup: ignoring input
{"step": 100, "loss": 5.971282958984375, "seconds": 5.710429687052965}
{"step": 200, "loss": 5.346606254577637, "seconds": 11.190485290018842}
{"step": 300, "loss": 4.868250370025635, "seconds": 16.72033326001838}
{"step": 400, "loss": 4.53904914855957, "seconds": 22.237881715176627}
{"step": 500, "loss": 4.4938788414001465, "seconds": 27.755578006152064}
{"validation": {"step": 500, "bpb": 2.1348759572370826, "token_ppl": 91.00395105276338, "nll_nats": 1698801.5301762586, "targets": 376599, "utf8_bytes": 1148007, "seconds": 2.097838429035619}}
{"step": 600, "loss": 4.309336185455322, "seconds": 32.793668296188116}
{"step": 700, "loss": 4.151942729949951, "seconds": 38.30201308103278}
{"step": 800, "loss": 4.161290645599365, "seconds": 43.79135483503342}
{"step": 900, "loss": 3.9796266555786133, "seconds": 49.27598019805737}
{"step": 1000, "loss": 3.93738055229187, "seconds": 54.75181324011646}
{"validation": {"step": 1000, "bpb": 1.8983537772347663, "token_ppl": 55.20985807040134, "nll_nats": 1510591.8873881283, "targets": 376599, "utf8_bytes": 1148007, "seconds": 2.0680113690905273}}
{"step": 1100, "loss": 3.7795066833496094, "seconds": 60.04191015101969}
{"step": 1200, "loss": 3.7556650638580322, "seconds": 65.39450161694549}
{"step": 1300, "loss": 3.682732105255127, "seconds": 70.87260327395052}
{"step": 1400, "loss": 3.533844470977783, "seconds": 76.343798605958}
{"step": 1500, "loss": 3.508085250854492, "seconds": 81.82267671008594}
{"validation": {"step": 1500, "bpb": 1.784498552574001, "token_ppl": 43.40480868953721, "nll_nats": 1419992.9796545908, "targets": 376599, "utf8_bytes": 1148007, "seconds": 2.0379186519421637}}
{"step": 1600, "loss": 3.473541021347046, "seconds": 87.33259616000578}
{"step": 1700, "loss": 3.600665330886841, "seconds": 92.44894074415788}
{"step": 1800, "loss": 3.5304994583129883, "seconds": 97.89595195208676}
{"step": 1900, "loss": 3.5326316356658936, "seconds": 103.35976508911699}
{"step": 2000, "loss": 3.449249029159546, "seconds": 108.81962606403977}
{"validation": {"step": 2000, "bpb": 1.7318319842154106, "token_ppl": 38.8336832468903, "nll_nats": 1378084.1996088892, "targets": 376599, "utf8_bytes": 1148007, "seconds": 2.0434525259770453}}
{"step": 2100, "loss": 3.3442723751068115, "seconds": 114.32330221496522}
{"step": 2200, "loss": 3.423269510269165, "seconds": 119.78048771200702}
{"step": 2300, "loss": 3.3854260444641113, "seconds": 124.89982155105099}
{"step": 2400, "loss": 3.3760879039764404, "seconds": 130.3636941050645}
{"step": 2500, "loss": 3.412198066711426, "seconds": 135.81922520301305}
{"validation": {"step": 2500, "bpb": 1.700474281985264, "token_ppl": 36.344049545666685, "nll_nats": 1353131.6901430343, "targets": 376599, "utf8_bytes": 1148007, "seconds": 2.045877248980105}}
{"step": 2600, "loss": 3.427835464477539, "seconds": 141.31193429697305}
{"step": 2700, "loss": 3.3854126930236816, "seconds": 146.7628016259987}
{"step": 2800, "loss": 3.3998239040374756, "seconds": 152.070079902187}
{"step": 2900, "loss": 3.2355666160583496, "seconds": 157.31831439211965}
{"step": 3000, "loss": 3.2139453887939453, "seconds": 162.7879120099824}
{"validation": {"step": 3000, "bpb": 1.6776878052373874, "token_ppl": 34.63565444097327, "nll_nats": 1334999.6289169965, "targets": 376599, "utf8_bytes": 1148007, "seconds": 2.0481411011423916}}
{"step": 3100, "loss": 3.3379106521606445, "seconds": 168.29711872595362}
{"step": 3200, "loss": 3.27006196975708, "seconds": 173.75474737002514}
{"step": 3300, "loss": 3.191366672515869, "seconds": 179.21799093484879}
{"step": 3400, "loss": 3.142245054244995, "seconds": 184.36052944487892}
{"step": 3500, "loss": 3.2534899711608887, "seconds": 189.80066239787266}
{"validation": {"step": 3500, "bpb": 1.6619336623465457, "token_ppl": 33.50168669566868, "nll_nats": 1322463.4616709081, "targets": 376599, "utf8_bytes": 1148007, "seconds": 2.045154416002333}}
{"step": 3600, "loss": 3.21794056892395, "seconds": 195.30879591684788}
{"step": 3700, "loss": 3.2400269508361816, "seconds": 200.76338434196077}
{"step": 3800, "loss": 3.235888719558716, "seconds": 206.218204875011}
{"step": 3900, "loss": 3.146047353744507, "seconds": 211.66881623584777}
{"step": 4000, "loss": 3.133068799972534, "seconds": 216.79788903496228}
{"validation": {"step": 4000, "bpb": 1.6477041817242348, "token_ppl": 32.50940700726506, "nll_nats": 1311140.5258474706, "targets": 376599, "utf8_bytes": 1148007, "seconds": 2.0447612488642335}}
{"step": 4100, "loss": 3.060204029083252, "seconds": 222.29663568013348}
{"step": 4200, "loss": 3.200371265411377, "seconds": 227.75395122310147}
{"step": 4300, "loss": 3.0033576488494873, "seconds": 233.20799875608645}
{"step": 4400, "loss": 3.154494047164917, "seconds": 238.65652439906262}
{"step": 4500, "loss": 3.1086080074310303, "seconds": 244.099276245106}
{"validation": {"step": 4500, "bpb": 1.6379197213150067, "token_ppl": 31.84420253245137, "nll_nats": 1303354.660697414, "targets": 376599, "utf8_bytes": 1148007, "seconds": 1.7372624720446765}}
{"step": 4600, "loss": 3.200491189956665, "seconds": 249.5578706129454}
{"step": 4700, "loss": 2.989746570587158, "seconds": 255.01263061491773}
{"step": 4800, "loss": 3.184140920639038, "seconds": 260.4638834770303}
{"step": 4900, "loss": 3.1234452724456787, "seconds": 265.92437299201265}
{"step": 5000, "loss": 3.1137094497680664, "seconds": 271.3807010441087}
{"validation": {"step": 5000, "bpb": 1.6279061797850214, "token_ppl": 31.177514631726673, "nll_nats": 1295386.5070367968, "targets": 376599, "utf8_bytes": 1148007, "seconds": 2.042500006966293}}
{"step": 5100, "loss": 3.033719301223755, "seconds": 276.56042229710147}
{"step": 5200, "loss": 3.0247976779937744, "seconds": 282.011836522026}
{"step": 5300, "loss": 3.102306365966797, "seconds": 287.46123836003244}
{"step": 5400, "loss": 3.172454833984375, "seconds": 292.92353663104586}
{"step": 5500, "loss": 3.1291279792785645, "seconds": 298.37812245218083}
{"validation": {"step": 5500, "bpb": 1.6166859124636488, "token_ppl": 30.447052704036672, "nll_nats": 1286458.116031259, "targets": 376599, "utf8_bytes": 1148007, "seconds": 2.049940158147365}}
{"step": 5600, "loss": 3.043116331100464, "seconds": 303.87982664396986}
{"step": 5700, "loss": 3.0701582431793213, "seconds": 308.98944142181426}
{"step": 5800, "loss": 3.0695064067840576, "seconds": 314.4484307109378}
{"step": 5900, "loss": 3.098788261413574, "seconds": 319.90034051798284}
{"step": 6000, "loss": 2.9034464359283447, "seconds": 325.3578965589404}
{"validation": {"step": 6000, "bpb": 1.611668039481196, "token_ppl": 30.125941487144942, "nll_nats": 1282465.2047466834, "targets": 376599, "utf8_bytes": 1148007, "seconds": 2.0491134910844266}}
{"step": 6100, "loss": 3.0134851932525635, "seconds": 330.85278252488934}
{"step": 6200, "loss": 3.016185760498047, "seconds": 336.13978627184406}
{"step": 6300, "loss": 3.029306411743164, "seconds": 341.4186494098976}
{"step": 6400, "loss": 3.174553394317627, "seconds": 346.8786228338722}
{"step": 6500, "loss": 3.0061275959014893, "seconds": 352.33003552095033}
{"validation": {"step": 6500, "bpb": 1.6056952289193132, "token_ppl": 29.748132205532137, "nll_nats": 1277712.413518892, "targets": 376599, "utf8_bytes": 1148007, "seconds": 2.0472160580102354}}
{"step": 6600, "loss": 2.916191577911377, "seconds": 357.8355214947369}
{"step": 6700, "loss": 2.9707422256469727, "seconds": 363.28985539474525}
{"step": 6800, "loss": 2.9765350818634033, "seconds": 368.4100054728333}
{"step": 6900, "loss": 2.9706482887268066, "seconds": 373.86646360182203}
{"step": 7000, "loss": 2.951185703277588, "seconds": 379.31887293676846}
{"validation": {"step": 7000, "bpb": 1.6024044855310435, "token_ppl": 29.542004883389236, "nll_nats": 1275093.8445643543, "targets": 376599, "utf8_bytes": 1148007, "seconds": 2.048316406784579}}
{"step": 7100, "loss": 3.0421104431152344, "seconds": 384.8347694640979}
{"step": 7200, "loss": 3.03551983833313, "seconds": 390.2879593661055}
{"step": 7300, "loss": 3.0893616676330566, "seconds": 395.74440653109923}
{"step": 7400, "loss": 2.9460933208465576, "seconds": 400.8645950029604}
{"step": 7500, "loss": 3.179230213165283, "seconds": 406.3146230969578}
{"validation": {"step": 7500, "bpb": 1.5905284624690141, "token_ppl": 28.809915287422207, "nll_nats": 1265643.643918367, "targets": 376599, "utf8_bytes": 1148007, "seconds": 2.0463871371466666}}
{"step": 7600, "loss": 2.9485957622528076, "seconds": 411.81367973284796}
{"step": 7700, "loss": 2.971193552017212, "seconds": 417.27023587492295}
{"step": 7800, "loss": 3.014324426651001, "seconds": 422.7241757728625}
{"step": 7900, "loss": 2.8960840702056885, "seconds": 428.17221655184403}
{"step": 8000, "loss": 2.918201208114624, "seconds": 433.286553109996}
{"validation": {"step": 8000, "bpb": 1.5837911804021467, "token_ppl": 28.40269444918732, "nll_nats": 1260282.5338053303, "targets": 376599, "utf8_bytes": 1148007, "seconds": 2.0500312799122185}}
{"step": 8100, "loss": 2.952077627182007, "seconds": 438.78833152889274}
{"step": 8200, "loss": 2.920910358428955, "seconds": 444.2408046149649}
{"step": 8300, "loss": 3.0435822010040283, "seconds": 449.69614446605556}
{"step": 8400, "loss": 2.946551561355591, "seconds": 455.15520388190635}
{"step": 8500, "loss": 2.8223297595977783, "seconds": 460.45694368192926}
{"validation": {"step": 8500, "bpb": 1.580694926378034, "token_ppl": 28.217483310160418, "nll_nats": 1257818.7273925284, "targets": 376599, "utf8_bytes": 1148007, "seconds": 1.823950694873929}}
{"step": 8600, "loss": 2.9865524768829346, "seconds": 465.9589414901566}
{"step": 8700, "loss": 2.9592885971069336, "seconds": 471.4137036271859}
{"step": 8800, "loss": 2.886627435684204, "seconds": 476.863114223117}
{"step": 8900, "loss": 2.9647300243377686, "seconds": 482.31693910015747}
{"step": 9000, "loss": 2.9800503253936768, "seconds": 487.7703839810565}
{"validation": {"step": 9000, "bpb": 1.5774184563819074, "token_ppl": 28.0228071127992, "nll_nats": 1255211.5163158716, "targets": 376599, "utf8_bytes": 1148007, "seconds": 2.056290180189535}}
{"step": 9100, "loss": 2.8231356143951416, "seconds": 492.9573026159778}
{"step": 9200, "loss": 2.864797592163086, "seconds": 498.4084415240213}
{"step": 9300, "loss": 2.8713839054107666, "seconds": 503.8702347308863}
{"step": 9400, "loss": 2.837369680404663, "seconds": 509.3244066890329}
{"step": 9500, "loss": 2.9200613498687744, "seconds": 514.7819976159371}
{"validation": {"step": 9500, "bpb": 1.5709403905605241, "token_ppl": 27.641847502682552, "nll_nats": 1250056.6743717098, "targets": 376599, "utf8_bytes": 1148007, "seconds": 2.050289352890104}}
{"step": 9600, "loss": 2.8637917041778564, "seconds": 520.1580840130337}
{"step": 9700, "loss": 2.9166696071624756, "seconds": 525.4054937469773}
{"step": 9800, "loss": 2.853548526763916, "seconds": 530.8565682170447}
{"step": 9900, "loss": 2.787696361541748, "seconds": 536.3236669679172}
{"step": 10000, "loss": 2.913541793823242, "seconds": 541.7749571169261}
{"validation": {"step": 10000, "bpb": 1.5675010804112925, "token_ppl": 27.441699083694004, "nll_nats": 1247319.8852273761, "targets": 376599, "utf8_bytes": 1148007, "seconds": 2.0600364259444177}}
{"step": 10100, "loss": 2.826813220977783, "seconds": 547.2725599161349}
{"step": 10200, "loss": 2.7855052947998047, "seconds": 552.4443963051308}
{"step": 10300, "loss": 2.748883008956909, "seconds": 557.8437274580356}
{"step": 10400, "loss": 2.9013524055480957, "seconds": 563.2887608769815}
{"step": 10500, "loss": 2.90834641456604, "seconds": 568.7527693961747}
{"validation": {"step": 10500, "bpb": 1.5655134822184333, "token_ppl": 27.326693536382884, "nll_nats": 1245738.2781836702, "targets": 376599, "utf8_bytes": 1148007, "seconds": 2.019090648042038}}
{"step": 10600, "loss": 2.9038126468658447, "seconds": 574.2459004670382}
{"step": 10700, "loss": 2.8198163509368896, "seconds": 579.7043608981185}
{"step": 10800, "loss": 2.950072765350342, "seconds": 584.8383564921096}
{"step": 10900, "loss": 2.8159685134887695, "seconds": 590.2910126040224}
{"step": 11000, "loss": 2.850332736968994, "seconds": 595.7537103409413}
{"validation": {"step": 11000, "bpb": 1.5579851407073886, "token_ppl": 26.895444998351064, "nll_nats": 1239747.6921567407, "targets": 376599, "utf8_bytes": 1148007, "seconds": 2.013707723002881}}
{"step": 11100, "loss": 2.833949565887451, "seconds": 601.2517498440575}
{"step": 11200, "loss": 2.794853448867798, "seconds": 606.7028544270433}
{"step": 11300, "loss": 2.780427932739258, "seconds": 612.1643952860031}
{"step": 11400, "loss": 2.8404316902160645, "seconds": 617.2787179779261}
{"step": 11500, "loss": 2.7789146900177, "seconds": 622.7377168131061}
{"validation": {"step": 11500, "bpb": 1.5541061255441744, "token_ppl": 26.675905594436273, "nll_nats": 1236661.0131051983, "targets": 376599, "utf8_bytes": 1148007, "seconds": 2.0175706860609353}}
{"step": 11600, "loss": 2.793872594833374, "seconds": 628.2391530950554}
{"step": 11700, "loss": 2.6970057487487793, "seconds": 633.6908442908898}
{"step": 11800, "loss": 2.7480382919311523, "seconds": 639.1387952200603}
{"step": 11900, "loss": 2.7804501056671143, "seconds": 644.4807994719595}
{"step": 12000, "loss": 2.730034589767456, "seconds": 649.7016687849537}
{"validation": {"step": 12000, "bpb": 1.5515198582124579, "token_ppl": 26.53052805227144, "nll_nats": 1234603.0223888427, "targets": 376599, "utf8_bytes": 1148007, "seconds": 2.0071023390628397}}
{"step": 12100, "loss": 2.7434158325195312, "seconds": 655.2111243309919}
{"step": 12200, "loss": 2.715458393096924, "seconds": 660.6682686039712}
{"step": 12300, "loss": 2.7205612659454346, "seconds": 666.1216927389614}
{"step": 12400, "loss": 2.7149317264556885, "seconds": 671.5767265239265}
{"step": 12500, "loss": 2.805323600769043, "seconds": 676.778415735811}
{"validation": {"step": 12500, "bpb": 1.54974075647999, "token_ppl": 26.4309825884695, "nll_nats": 1233187.323863029, "targets": 376599, "utf8_bytes": 1148007, "seconds": 1.9609191410709172}}
{"step": 12600, "loss": 2.7024834156036377, "seconds": 682.2195988968015}
{"step": 12700, "loss": 2.7102842330932617, "seconds": 687.5818549708929}
{"step": 12800, "loss": 2.7651398181915283, "seconds": 693.0413318309002}
{"step": 12900, "loss": 2.684541702270508, "seconds": 698.4988024297636}
{"step": 13000, "loss": 2.78765606880188, "seconds": 703.9528268459253}
{"validation": {"step": 13000, "bpb": 1.5445758749851906, "token_ppl": 26.144104820277686, "nll_nats": 1229077.4323460062, "targets": 376599, "utf8_bytes": 1148007, "seconds": 1.990558325080201}}
{"step": 13100, "loss": 2.7316620349884033, "seconds": 709.1631524527911}
{"step": 13200, "loss": 2.7723593711853027, "seconds": 714.622262221761}
{"step": 13300, "loss": 2.7132506370544434, "seconds": 720.0707639546599}
{"step": 13400, "loss": 2.698143720626831, "seconds": 725.5249676487874}
{"step": 13500, "loss": 2.714080333709717, "seconds": 730.9827367018443}
{"validation": {"step": 13500, "bpb": 1.5425590707899386, "token_ppl": 26.032930797819837, "nll_nats": 1227472.584981762, "targets": 376599, "utf8_bytes": 1148007, "seconds": 2.07887300895527}}
{"step": 13600, "loss": 2.626417875289917, "seconds": 736.25152723887}
{"step": 13700, "loss": 2.6132566928863525, "seconds": 741.5986823558342}
{"step": 13800, "loss": 2.6909549236297607, "seconds": 747.0500967148691}
{"step": 13900, "loss": 2.6098763942718506, "seconds": 752.5162009778433}
{"step": 14000, "loss": 2.720895528793335, "seconds": 757.9719798667356}
{"validation": {"step": 14000, "bpb": 1.5382316538347656, "token_ppl": 25.795979748858418, "nll_nats": 1224029.095667904, "targets": 376599, "utf8_bytes": 1148007, "seconds": 2.0791048780083656}}
{"step": 14100, "loss": 2.719487428665161, "seconds": 763.4905868656933}
{"step": 14200, "loss": 2.6840994358062744, "seconds": 768.5985744968057}
{"step": 14300, "loss": 2.694392442703247, "seconds": 774.054865809856}
{"step": 14400, "loss": 2.743769407272339, "seconds": 779.5131303688977}
{"step": 14500, "loss": 2.6169416904449463, "seconds": 784.9695347468369}
{"validation": {"step": 14500, "bpb": 1.5346531275793367, "token_ppl": 25.601664808079683, "nll_nats": 1221181.5270033686, "targets": 376599, "utf8_bytes": 1148007, "seconds": 2.0231996399816126}}
{"step": 14600, "loss": 2.775477886199951, "seconds": 790.4656440378167}
{"step": 14700, "loss": 2.65913724899292, "seconds": 795.9206595628057}
{"step": 14800, "loss": 2.660940647125244, "seconds": 801.0678051437717}
{"step": 14900, "loss": 2.6506829261779785, "seconds": 806.5228793248534}
{"step": 15000, "loss": 2.47080397605896, "seconds": 811.9806205017958}
{"validation": {"step": 15000, "bpb": 1.5347101053990033, "token_ppl": 25.604747222383597, "nll_nats": 1221226.8664091113, "targets": 376599, "utf8_bytes": 1148007, "seconds": 2.0538992469664663}}
{"step": 15100, "loss": 2.627401351928711, "seconds": 817.4842700248118}
{"step": 15200, "loss": 2.765113592147827, "seconds": 822.9337035678327}
{"step": 15300, "loss": 2.6656856536865234, "seconds": 828.2798003559001}
{"step": 15400, "loss": 2.6561732292175293, "seconds": 833.502947922796}
{"step": 15500, "loss": 2.724865674972534, "seconds": 838.956201251829}
{"validation": {"step": 15500, "bpb": 1.531401768607523, "token_ppl": 25.42638454393039, "nll_nats": 1218594.297718339, "targets": 376599, "utf8_bytes": 1148007, "seconds": 2.061615423997864}}
{"step": 15600, "loss": 2.61398983001709, "seconds": 844.4641961029265}
{"step": 15700, "loss": 2.5796611309051514, "seconds": 849.9203091559466}
{"step": 15800, "loss": 2.619661331176758, "seconds": 855.3795796867926}
{"step": 15900, "loss": 2.5458157062530518, "seconds": 860.580545283854}
{"step": 16000, "loss": 2.6606853008270264, "seconds": 865.9769010578748}
{"validation": {"step": 16000, "bpb": 1.5277544166567887, "token_ppl": 25.23118414357026, "nll_nats": 1215691.9618453837, "targets": 376599, "utf8_bytes": 1148007, "seconds": 2.0395576641894877}}
{"step": 16100, "loss": 2.6691088676452637, "seconds": 871.4855086517055}
{"step": 16200, "loss": 2.5457675457000732, "seconds": 876.9400136177428}
{"step": 16300, "loss": 2.514831066131592, "seconds": 882.4026933547575}
{"step": 16400, "loss": 2.6621737480163574, "seconds": 887.8581846316811}
{"step": 16500, "loss": 2.5690619945526123, "seconds": 892.9774775186088}
{"validation": {"step": 16500, "bpb": 1.5251026055685635, "token_ppl": 25.090204987500965, "nll_nats": 1213581.8154834164, "targets": 376599, "utf8_bytes": 1148007, "seconds": 2.064273066120222}}
{"step": 16600, "loss": 2.558227062225342, "seconds": 898.4904716806486}
{"step": 16700, "loss": 2.67434024810791, "seconds": 903.960763978539}
{"step": 16800, "loss": 2.6309313774108887, "seconds": 909.4266915256158}
{"step": 16900, "loss": 2.5470714569091797, "seconds": 914.8847717326134}
{"step": 17000, "loss": 2.5324547290802, "seconds": 920.3378673186526}
{"validation": {"step": 17000, "bpb": 1.5254281404157854, "token_ppl": 25.1074690063144, "nll_nats": 1213840.855871553, "targets": 376599, "utf8_bytes": 1148007, "seconds": 1.7623380369041115}}
{"step": 17100, "loss": 2.5328872203826904, "seconds": 925.7896918326151}
{"step": 17200, "loss": 2.5803444385528564, "seconds": 931.2489359956235}
{"step": 17300, "loss": 2.57690167427063, "seconds": 936.7096496345475}
{"step": 17400, "loss": 2.5069937705993652, "seconds": 942.172484106617}
{"step": 17500, "loss": 2.57256817817688, "seconds": 947.6443617497571}
{"validation": {"step": 17500, "bpb": 1.523108369453568, "token_ppl": 24.98470389882783, "nll_nats": 1211994.9263940514, "targets": 376599, "utf8_bytes": 1148007, "seconds": 2.042348167160526}}
{"step": 17600, "loss": 2.482680082321167, "seconds": 952.7997365654446}
{"step": 17700, "loss": 2.607915163040161, "seconds": 958.2573091203813}
{"step": 17800, "loss": 2.586487054824829, "seconds": 963.7176983095706}
{"step": 17900, "loss": 2.566603422164917, "seconds": 969.1811129485723}
{"step": 18000, "loss": 2.4927611351013184, "seconds": 974.6519334404729}
{"validation": {"step": 18000, "bpb": 1.5222422408887137, "token_ppl": 24.939021377634493, "nll_nats": 1211305.715142074, "targets": 376599, "utf8_bytes": 1148007, "seconds": 2.061191027984023}}
{"step": 18100, "loss": 2.560612678527832, "seconds": 980.1612317094114}
{"step": 18200, "loss": 2.5429348945617676, "seconds": 985.2790118814446}
{"step": 18300, "loss": 2.6071836948394775, "seconds": 990.741105809575}
{"step": 18400, "loss": 2.5700104236602783, "seconds": 996.2010692444164}
{"step": 18500, "loss": 2.488029718399048, "seconds": 1001.6620277424809}
{"validation": {"step": 18500, "bpb": 1.5217123869944122, "token_ppl": 24.911116296701138, "nll_nats": 1210884.0903617875, "targets": 376599, "utf8_bytes": 1148007, "seconds": 2.0238377791829407}}
{"step": 18600, "loss": 2.579228639602661, "seconds": 1007.1766312033869}
{"step": 18700, "loss": 2.5103824138641357, "seconds": 1012.4566801784094}
{"step": 18800, "loss": 2.590759515762329, "seconds": 1017.7452452303842}
{"step": 18900, "loss": 2.4873015880584717, "seconds": 1023.2087671973277}
{"step": 19000, "loss": 2.4511606693267822, "seconds": 1028.6649346023332}
{"validation": {"step": 19000, "bpb": 1.5202669650903948, "token_ppl": 24.835150931199063, "nll_nats": 1209733.913493679, "targets": 376599, "utf8_bytes": 1148007, "seconds": 2.029202044941485}}
{"step": 19100, "loss": 2.519925117492676, "seconds": 1034.1759133923333}
{"step": 19200, "loss": 2.548776149749756, "seconds": 1039.6263190214522}
{"step": 19300, "loss": 2.4505715370178223, "seconds": 1044.7129256033804}
{"step": 19400, "loss": 2.551907777786255, "seconds": 1050.1742462322582}
{"step": 19500, "loss": 2.5607972145080566, "seconds": 1055.6471071764827}
{"validation": {"step": 19500, "bpb": 1.520977004663533, "token_ppl": 24.872438667265584, "nll_nats": 1210298.9188323936, "targets": 376599, "utf8_bytes": 1148007, "seconds": 2.030229469994083}}
{"step": 19600, "loss": 2.610295295715332, "seconds": 1061.150784082478}
{"step": 19700, "loss": 2.5697021484375, "seconds": 1066.6153398323804}
{"step": 19800, "loss": 2.525304079055786, "seconds": 1072.0732870714273}
{"step": 19900, "loss": 2.5824077129364014, "seconds": 1077.200063539436}
{"step": 20000, "loss": 2.4977996349334717, "seconds": 1082.66576925735}
{"validation": {"step": 20000, "bpb": 1.521691940753238, "token_ppl": 24.910040108758434, "nll_nats": 1210867.820514504, "targets": 376599, "utf8_bytes": 1148007, "seconds": 2.0213086379226297}}
{
  "protocol": "7506-mp1-wt2-v2",
  "implementation": "student_no_rope",
  "config": {
    "vocab": 2048,
    "width": 320,
    "heads": 8,
    "depth": 8,
    "context": 256,
    "dropout": 0.25
  },
  "seed": 17,
  "parameters": 10599040,
  "precision": "bf16",
  "train_tokens": 163840000,
  "preparation_seconds": 11.682829945813864,
  "train_seconds": 1082.7124008615501,
  "validation": {
    "bpb": 1.521691940753238,
    "token_ppl": 24.910040108758434,
    "nll_nats": 1210867.820514504,
    "targets": 376599,
    "utf8_bytes": 1148007,
    "seconds": 1.998878792161122
  },
  "history": [],
  "validation_history": [
    {
      "step": 500,
      "bpb": 2.1348759572370826,
      "token_ppl": 91.00395105276338,
      "nll_nats": 1698801.5301762586,
      "targets": 376599,
      "utf8_bytes": 1148007,
      "seconds": 2.097838429035619
    },
    {
      "step": 1000,
      "bpb": 1.8983537772347663,
      "token_ppl": 55.20985807040134,
      "nll_nats": 1510591.8873881283,
      "targets": 376599,
      "utf8_bytes": 1148007,
      "seconds": 2.0680113690905273
    },
    {
      "step": 1500,
      "bpb": 1.784498552574001,
      "token_ppl": 43.40480868953721,
      "nll_nats": 1419992.9796545908,
      "targets": 376599,
      "utf8_bytes": 1148007,
      "seconds": 2.0379186519421637
    },
    {
      "step": 2000,
      "bpb": 1.7318319842154106,
      "token_ppl": 38.8336832468903,
      "nll_nats": 1378084.1996088892,
      "targets": 376599,
      "utf8_bytes": 1148007,
      "seconds": 2.0434525259770453
    },
    {
      "step": 2500,
      "bpb": 1.700474281985264,
      "token_ppl": 36.344049545666685,
      "nll_nats": 1353131.6901430343,
      "targets": 376599,
      "utf8_bytes": 1148007,
      "seconds": 2.045877248980105
    },
    {
      "step": 3000,
      "bpb": 1.6776878052373874,
      "token_ppl": 34.63565444097327,
      "nll_nats": 1334999.6289169965,
      "targets": 376599,
      "utf8_bytes": 1148007,
      "seconds": 2.0481411011423916
    },
    {
      "step": 3500,
      "bpb": 1.6619336623465457,
      "token_ppl": 33.50168669566868,
      "nll_nats": 1322463.4616709081,
      "targets": 376599,
      "utf8_bytes": 1148007,
      "seconds": 2.045154416002333
    },
    {
      "step": 4000,
      "bpb": 1.6477041817242348,
      "token_ppl": 32.50940700726506,
      "nll_nats": 1311140.5258474706,
      "targets": 376599,
      "utf8_bytes": 1148007,
      "seconds": 2.0447612488642335
    },
    {
      "step": 4500,
      "bpb": 1.6379197213150067,
      "token_ppl": 31.84420253245137,
      "nll_nats": 1303354.660697414,
      "targets": 376599,
      "utf8_bytes": 1148007,
      "seconds": 1.7372624720446765
    },
    {
      "step": 5000,
      "bpb": 1.6279061797850214,
      "token_ppl": 31.177514631726673,
      "nll_nats": 1295386.5070367968,
      "targets": 376599,
      "utf8_bytes": 1148007,
      "seconds": 2.042500006966293
    },
    {
      "step": 5500,
      "bpb": 1.6166859124636488,
      "token_ppl": 30.447052704036672,
      "nll_nats": 1286458.116031259,
      "targets": 376599,
      "utf8_bytes": 1148007,
      "seconds": 2.049940158147365
    },
    {
      "step": 6000,
      "bpb": 1.611668039481196,
      "token_ppl": 30.125941487144942,
      "nll_nats": 1282465.2047466834,
      "targets": 376599,
      "utf8_bytes": 1148007,
      "seconds": 2.0491134910844266
    },
    {
      "step": 6500,
      "bpb": 1.6056952289193132,
      "token_ppl": 29.748132205532137,
      "nll_nats": 1277712.413518892,
      "targets": 376599,
      "utf8_bytes": 1148007,
      "seconds": 2.0472160580102354
    },
    {
      "step": 7000,
      "bpb": 1.6024044855310435,
      "token_ppl": 29.542004883389236,
      "nll_nats": 1275093.8445643543,
      "targets": 376599,
      "utf8_bytes": 1148007,
      "seconds": 2.048316406784579
    },
    {
      "step": 7500,
      "bpb": 1.5905284624690141,
      "token_ppl": 28.809915287422207,
      "nll_nats": 1265643.643918367,
      "targets": 376599,
      "utf8_bytes": 1148007,
      "seconds": 2.0463871371466666
    },
    {
      "step": 8000,
      "bpb": 1.5837911804021467,
      "token_ppl": 28.40269444918732,
      "nll_nats": 1260282.5338053303,
      "targets": 376599,
      "utf8_bytes": 1148007,
      "seconds": 2.0500312799122185
    },
    {
      "step": 8500,
      "bpb": 1.580694926378034,
      "token_ppl": 28.217483310160418,
      "nll_nats": 1257818.7273925284,
      "targets": 376599,
      "utf8_bytes": 1148007,
      "seconds": 1.823950694873929
    },
    {
      "step": 9000,
      "bpb": 1.5774184563819074,
      "token_ppl": 28.0228071127992,
      "nll_nats": 1255211.5163158716,
      "targets": 376599,
      "utf8_bytes": 1148007,
      "seconds": 2.056290180189535
    },
    {
      "step": 9500,
      "bpb": 1.5709403905605241,
      "token_ppl": 27.641847502682552,
      "nll_nats": 1250056.6743717098,
      "targets": 376599,
      "utf8_bytes": 1148007,
      "seconds": 2.050289352890104
    },
    {
      "step": 10000,
      "bpb": 1.5675010804112925,
      "token_ppl": 27.441699083694004,
      "nll_nats": 1247319.8852273761,
      "targets": 376599,
      "utf8_bytes": 1148007,
      "seconds": 2.0600364259444177
    },
    {
      "step": 10500,
      "bpb": 1.5655134822184333,
      "token_ppl": 27.326693536382884,
      "nll_nats": 1245738.2781836702,
      "targets": 376599,
      "utf8_bytes": 1148007,
      "seconds": 2.019090648042038
    },
    {
      "step": 11000,
      "bpb": 1.5579851407073886,
      "token_ppl": 26.895444998351064,
      "nll_nats": 1239747.6921567407,
      "targets": 376599,
      "utf8_bytes": 1148007,
      "seconds": 2.013707723002881
    },
    {
      "step": 11500,
      "bpb": 1.5541061255441744,
      "token_ppl": 26.675905594436273,
      "nll_nats": 1236661.0131051983,
      "targets": 376599,
      "utf8_bytes": 1148007,
      "seconds": 2.0175706860609353
    },
    {
      "step": 12000,
      "bpb": 1.5515198582124579,
      "token_ppl": 26.53052805227144,
      "nll_nats": 1234603.0223888427,
      "targets": 376599,
      "utf8_bytes": 1148007,
      "seconds": 2.0071023390628397
    },
    {
      "step": 12500,
      "bpb": 1.54974075647999,
      "token_ppl": 26.4309825884695,
      "nll_nats": 1233187.323863029,
      "targets": 376599,
      "utf8_bytes": 1148007,
      "seconds": 1.9609191410709172
    },
    {
      "step": 13000,
      "bpb": 1.5445758749851906,
      "token_ppl": 26.144104820277686,
      "nll_nats": 1229077.4323460062,
      "targets": 376599,
      "utf8_bytes": 1148007,
      "seconds": 1.990558325080201
    },
    {
      "step": 13500,
      "bpb": 1.5425590707899386,
      "token_ppl": 26.032930797819837,
      "nll_nats": 1227472.584981762,
      "targets": 376599,
      "utf8_bytes": 1148007,
      "seconds": 2.07887300895527
    },
    {
      "step": 14000,
      "bpb": 1.5382316538347656,
      "token_ppl": 25.795979748858418,
      "nll_nats": 1224029.095667904,
      "targets": 376599,
      "utf8_bytes": 1148007,
      "seconds": 2.0791048780083656
    },
    {
      "step": 14500,
      "bpb": 1.5346531275793367,
      "token_ppl": 25.601664808079683,
      "nll_nats": 1221181.5270033686,
      "targets": 376599,
      "utf8_bytes": 1148007,
      "seconds": 2.0231996399816126
    },
    {
      "step": 15000,
      "bpb": 1.5347101053990033,
      "token_ppl": 25.604747222383597,
      "nll_nats": 1221226.8664091113,
      "targets": 376599,
      "utf8_bytes": 1148007,
      "seconds": 2.0538992469664663
    },
    {
      "step": 15500,
      "bpb": 1.531401768607523,
      "token_ppl": 25.42638454393039,
      "nll_nats": 1218594.297718339,
      "targets": 376599,
      "utf8_bytes": 1148007,
      "seconds": 2.061615423997864
    },
    {
      "step": 16000,
      "bpb": 1.5277544166567887,
      "token_ppl": 25.23118414357026,
      "nll_nats": 1215691.9618453837,
      "targets": 376599,
      "utf8_bytes": 1148007,
      "seconds": 2.0395576641894877
    },
    {
      "step": 16500,
      "bpb": 1.5251026055685635,
      "token_ppl": 25.090204987500965,
      "nll_nats": 1213581.8154834164,
      "targets": 376599,
      "utf8_bytes": 1148007,
      "seconds": 2.064273066120222
    },
    {
      "step": 17000,
      "bpb": 1.5254281404157854,
      "token_ppl": 25.1074690063144,
      "nll_nats": 1213840.855871553,
      "targets": 376599,
      "utf8_bytes": 1148007,
      "seconds": 1.7623380369041115
    },
    {
      "step": 17500,
      "bpb": 1.523108369453568,
      "token_ppl": 24.98470389882783,
      "nll_nats": 1211994.9263940514,
      "targets": 376599,
      "utf8_bytes": 1148007,
      "seconds": 2.042348167160526
    },
    {
      "step": 18000,
      "bpb": 1.5222422408887137,
      "token_ppl": 24.939021377634493,
      "nll_nats": 1211305.715142074,
      "targets": 376599,
      "utf8_bytes": 1148007,
      "seconds": 2.061191027984023
    },
    {
      "step": 18500,
      "bpb": 1.5217123869944122,
      "token_ppl": 24.911116296701138,
      "nll_nats": 1210884.0903617875,
      "targets": 376599,
      "utf8_bytes": 1148007,
      "seconds": 2.0238377791829407
    },
    {
      "step": 19000,
      "bpb": 1.5202669650903948,
      "token_ppl": 24.835150931199063,
      "nll_nats": 1209733.913493679,
      "targets": 376599,
      "utf8_bytes": 1148007,
      "seconds": 2.029202044941485
    },
    {
      "step": 19500,
      "bpb": 1.520977004663533,
      "token_ppl": 24.872438667265584,
      "nll_nats": 1210298.9188323936,
      "targets": 376599,
      "utf8_bytes": 1148007,
      "seconds": 2.030229469994083
    },
    {
      "step": 20000,
      "bpb": 1.521691940753238,
      "token_ppl": 24.910040108758434,
      "nll_nats": 1210867.820514504,
      "targets": 376599,
      "utf8_bytes": 1148007,
      "seconds": 2.0213086379226297
    }
  ],
  "intermediate_validation_seconds": 80.87241560965776,
  "process_seconds": 1177.8244374580681,
  "torch_version": "2.7.1+cu126",
  "threads": 4,
  "checkpoint_sha256": "8245a9041114392be283556d09768d37842054a0bbac07ec7552f717664bef4a",
  "implementation_sha256": "9498386adec67f73976f668b2c3bc36802d88887fdb93a02eba3d1a5620e42b0",
  "device": "cuda:0",
  "device_name": "NVIDIA GeForce RTX 3080 Ti",
  "peak_allocated_gb": 1.389038592,
  "peak_reserved_gb": 1.440743424
}
