nohup: ignoring input
{"step": 100, "loss": 5.699649810791016, "seconds": 6.714490673970431}
{"step": 200, "loss": 4.988636016845703, "seconds": 13.11588555504568}
{"step": 300, "loss": 4.57153844833374, "seconds": 19.548333810875192}
{"step": 400, "loss": 4.244806289672852, "seconds": 25.96766731282696}
{"step": 500, "loss": 4.1683807373046875, "seconds": 32.3657802939415}
{"validation": {"step": 500, "bpb": 1.9773490919999872, "token_ppl": 65.23885952831795, "nll_nats": 1573451.4465793744, "targets": 376599, "utf8_bytes": 1148007, "seconds": 1.930059744976461}}
{"step": 600, "loss": 3.986560106277466, "seconds": 38.84845426492393}
{"step": 700, "loss": 3.8593568801879883, "seconds": 45.24301014398225}
{"step": 800, "loss": 3.8945324420928955, "seconds": 51.601297504035756}
{"step": 900, "loss": 3.769437551498413, "seconds": 58.00537984096445}
{"step": 1000, "loss": 3.7498791217803955, "seconds": 64.46406388888136}
{"validation": {"step": 1000, "bpb": 1.8161001713376506, "token_ppl": 46.40202603705173, "nll_nats": 1445139.5827299342, "targets": 376599, "utf8_bytes": 1148007, "seconds": 2.010263033909723}}
{"step": 1100, "loss": 3.6198253631591797, "seconds": 70.83170155109838}
{"step": 1200, "loss": 3.622832775115967, "seconds": 77.19546769815497}
{"step": 1300, "loss": 3.5678086280822754, "seconds": 83.53876210493036}
{"step": 1400, "loss": 3.433652400970459, "seconds": 89.87162474915385}
{"step": 1500, "loss": 3.415653705596924, "seconds": 96.22389213112183}
{"validation": {"step": 1500, "bpb": 1.7430217228286453, "token_ppl": 39.762785653707546, "nll_nats": 1386988.297766909, "targets": 376599, "utf8_bytes": 1148007, "seconds": 2.197532783029601}}
{"step": 1600, "loss": 3.4105584621429443, "seconds": 102.30976017308421}
{"step": 1700, "loss": 3.5026514530181885, "seconds": 108.680544747971}
{"step": 1800, "loss": 3.4377830028533936, "seconds": 115.04844169993885}
{"step": 1900, "loss": 3.4480528831481934, "seconds": 121.43011325504631}
{"step": 2000, "loss": 3.374145984649658, "seconds": 127.80835806299001}
{"validation": {"step": 2000, "bpb": 1.6991149570025414, "token_ppl": 36.23981206431771, "nll_nats": 1352050.023850982, "targets": 376599, "utf8_bytes": 1148007, "seconds": 2.2573308921419084}}
{"step": 2100, "loss": 3.278160333633423, "seconds": 133.8427471439354}
{"step": 2200, "loss": 3.376147985458374, "seconds": 140.22471558884718}
{"step": 2300, "loss": 3.329890251159668, "seconds": 146.58530633384362}
{"step": 2400, "loss": 3.3262617588043213, "seconds": 152.97033473476768}
{"step": 2500, "loss": 3.341587781906128, "seconds": 159.36214653286152}
{"validation": {"step": 2500, "bpb": 1.6691598734332533, "token_ppl": 34.01713833072518, "nll_nats": 1328213.631094036, "targets": 376599, "utf8_bytes": 1148007, "seconds": 2.249201708007604}}
{"step": 2600, "loss": 3.3466715812683105, "seconds": 165.35684893187135}
{"step": 2700, "loss": 3.3288748264312744, "seconds": 171.73915857682005}
{"step": 2800, "loss": 3.3222591876983643, "seconds": 178.10944470996037}
{"step": 2900, "loss": 3.1736252307891846, "seconds": 184.4940807609819}
{"step": 3000, "loss": 3.15928053855896, "seconds": 190.8617749128025}
{"validation": {"step": 3000, "bpb": 1.6478152988768688, "token_ppl": 32.51704065246472, "nll_nats": 1311228.9459677513, "targets": 376599, "utf8_bytes": 1148007, "seconds": 2.246195530053228}}
{"step": 3100, "loss": 3.256861686706543, "seconds": 196.9943798277527}
{"step": 3200, "loss": 3.204216957092285, "seconds": 203.28100069286302}
{"step": 3300, "loss": 3.1330337524414062, "seconds": 209.7609877847135}
{"step": 3400, "loss": 3.0914838314056396, "seconds": 216.21073054685257}
{"step": 3500, "loss": 3.1572532653808594, "seconds": 222.5896905537229}
{"validation": {"step": 3500, "bpb": 1.6207287182574206, "token_ppl": 30.708253938886106, "nll_nats": 1289675.12948133, "targets": 376599, "utf8_bytes": 1148007, "seconds": 2.2364206090569496}}
{"step": 3600, "loss": 3.147376537322998, "seconds": 228.8772595517803}
{"step": 3700, "loss": 3.1618165969848633, "seconds": 234.9811689746566}
{"step": 3800, "loss": 3.173557758331299, "seconds": 241.36645715567283}
{"step": 3900, "loss": 3.1020596027374268, "seconds": 247.747202900704}
{"step": 4000, "loss": 3.0803704261779785, "seconds": 254.13505226070993}
{"validation": {"step": 4000, "bpb": 1.6019596735627948, "token_ppl": 29.514252314434827, "nll_nats": 1274739.890860515, "targets": 376599, "utf8_bytes": 1148007, "seconds": 2.2561848470941186}}
{"step": 4100, "loss": 2.993788719177246, "seconds": 260.558323885547}
{"step": 4200, "loss": 3.1068899631500244, "seconds": 266.5498851395678}
{"step": 4300, "loss": 2.924931764602661, "seconds": 272.923526722705}
{"step": 4400, "loss": 3.094663619995117, "seconds": 279.2930425426457}
{"step": 4500, "loss": 3.060319662094116, "seconds": 285.6321331965737}
{"validation": {"step": 4500, "bpb": 1.5888170311750107, "token_ppl": 28.705921528198132, "nll_nats": 1264281.7933194186, "targets": 376599, "utf8_bytes": 1148007, "seconds": 2.2479948869440705}}
{"step": 4600, "loss": 3.1136598587036133, "seconds": 292.0492814446334}
{"step": 4700, "loss": 2.935084581375122, "seconds": 298.01990108564496}
{"step": 4800, "loss": 3.1157963275909424, "seconds": 304.40023878775537}
{"step": 4900, "loss": 3.0374319553375244, "seconds": 310.77990208775736}
{"step": 5000, "loss": 3.0036849975585938, "seconds": 317.1551897516474}
{"validation": {"step": 5000, "bpb": 1.5781837633710756, "token_ppl": 28.06815837090713, "nll_nats": 1255820.5000274763, "targets": 376599, "utf8_bytes": 1148007, "seconds": 2.2542623849585652}}
{"step": 5100, "loss": 2.961008071899414, "seconds": 323.55321846087463}
{"step": 5200, "loss": 2.95835542678833, "seconds": 329.55809567077085}
{"step": 5300, "loss": 3.020944833755493, "seconds": 335.9359462407883}
{"step": 5400, "loss": 3.09529972076416, "seconds": 342.3099430508446}
{"step": 5500, "loss": 3.023627519607544, "seconds": 348.6958519727923}
{"validation": {"step": 5500, "bpb": 1.56943654875686, "token_ppl": 27.554153429979312, "nll_nats": 1248860.0105802857, "targets": 376599, "utf8_bytes": 1148007, "seconds": 2.249874206027016}}
{"step": 5600, "loss": 2.9742681980133057, "seconds": 355.1043434126768}
{"step": 5700, "loss": 2.989062786102295, "seconds": 361.311948179733}
{"step": 5800, "loss": 2.9902377128601074, "seconds": 367.49551080563106}
{"step": 5900, "loss": 3.025362968444824, "seconds": 373.87787122279406}
{"step": 6000, "loss": 2.8370308876037598, "seconds": 380.24130778876133}
{"validation": {"step": 6000, "bpb": 1.5623241658700737, "token_ppl": 27.143161023762737, "nll_nats": 1243200.4185602842, "targets": 376599, "utf8_bytes": 1148007, "seconds": 2.2605156099889427}}
{"step": 6100, "loss": 2.925278902053833, "seconds": 386.67362940264866}
{"step": 6200, "loss": 2.9392738342285156, "seconds": 393.05220039375126}
{"step": 6300, "loss": 2.9730541706085205, "seconds": 399.0315185757354}
{"step": 6400, "loss": 3.0948538780212402, "seconds": 405.3969189338386}
{"step": 6500, "loss": 2.910644769668579, "seconds": 411.7889328817837}
{"validation": {"step": 6500, "bpb": 1.55854331698823, "token_ppl": 26.927184278738636, "nll_nats": 1240191.8541310169, "targets": 376599, "utf8_bytes": 1148007, "seconds": 2.249094028957188}}
{"step": 6600, "loss": 2.841566801071167, "seconds": 418.1946773957461}
{"step": 6700, "loss": 2.8962342739105225, "seconds": 424.5687893088907}
{"step": 6800, "loss": 2.9050676822662354, "seconds": 430.51625024387613}
{"step": 6900, "loss": 2.8914730548858643, "seconds": 436.88194520189427}
{"step": 7000, "loss": 2.9043760299682617, "seconds": 443.2477665548213}
{"validation": {"step": 7000, "bpb": 1.5520026497841353, "token_ppl": 26.557606137031215, "nll_nats": 1234987.1978993407, "targets": 376599, "utf8_bytes": 1148007, "seconds": 2.262650361051783}}
{"step": 7100, "loss": 2.9590396881103516, "seconds": 449.6575533116702}
{"step": 7200, "loss": 2.967771053314209, "seconds": 456.03414204367436}
{"step": 7300, "loss": 3.005122423171997, "seconds": 461.9908974086866}
{"step": 7400, "loss": 2.85410737991333, "seconds": 468.3827616276685}
{"step": 7500, "loss": 3.0830955505371094, "seconds": 474.77388101862743}
{"validation": {"step": 7500, "bpb": 1.5426024119837434, "token_ppl": 26.035314953740347, "nll_nats": 1227507.0732086333, "targets": 376599, "utf8_bytes": 1148007, "seconds": 2.2452460711356252}}
{"step": 7600, "loss": 2.8844168186187744, "seconds": 481.1723653606605}
{"step": 7700, "loss": 2.888338565826416, "seconds": 487.5336780385114}
{"step": 7800, "loss": 2.954832077026367, "seconds": 493.73639747151174}
{"step": 7900, "loss": 2.8257715702056885, "seconds": 499.8672572316136}
{"step": 8000, "loss": 2.8415751457214355, "seconds": 506.26032995665446}
{"validation": {"step": 8000, "bpb": 1.5371437399847776, "token_ppl": 25.73675021652583, "nll_nats": 1223163.4014776656, "targets": 376599, "utf8_bytes": 1148007, "seconds": 2.2432737501803786}}
{"step": 8100, "loss": 2.8815619945526123, "seconds": 512.6679952943232}
{"step": 8200, "loss": 2.820528745651245, "seconds": 519.0530063584447}
{"step": 8300, "loss": 2.957068681716919, "seconds": 525.4222265153658}
{"step": 8400, "loss": 2.881746768951416, "seconds": 531.3730181634892}
{"step": 8500, "loss": 2.7559304237365723, "seconds": 537.7299634453375}
{"validation": {"step": 8500, "bpb": 1.5304945065994475, "token_ppl": 25.377688692411073, "nll_nats": 1217872.3550301164, "targets": 376599, "utf8_bytes": 1148007, "seconds": 2.240768159041181}}
{"step": 8600, "loss": 2.8980815410614014, "seconds": 544.1904213703237}
{"step": 8700, "loss": 2.883193254470825, "seconds": 550.569649153389}
{"step": 8800, "loss": 2.8141844272613525, "seconds": 556.9245056493673}
{"step": 8900, "loss": 2.891488552093506, "seconds": 562.9074965503532}
{"step": 9000, "loss": 2.92204213142395, "seconds": 569.295594765339}
{"validation": {"step": 9000, "bpb": 1.5312110388285192, "token_ppl": 25.416139674141263, "nll_nats": 1218442.5268206792, "targets": 376599, "utf8_bytes": 1148007, "seconds": 2.2389293019659817}}
{"step": 9100, "loss": 2.754326581954956, "seconds": 575.6794649583753}
{"step": 9200, "loss": 2.808786153793335, "seconds": 582.0964334174059}
{"step": 9300, "loss": 2.8342738151550293, "seconds": 588.5301899753977}
{"step": 9400, "loss": 2.79970645904541, "seconds": 594.520875375485}
{"step": 9500, "loss": 2.8152334690093994, "seconds": 600.9120064994786}
{"validation": {"step": 9500, "bpb": 1.5282022745849193, "token_ppl": 25.255071838184872, "nll_nats": 1216048.339334685, "targets": 376599, "utf8_bytes": 1148007, "seconds": 2.2465185129549354}}
{"step": 9600, "loss": 2.8125481605529785, "seconds": 607.34856155538}
{"step": 9700, "loss": 2.8348608016967773, "seconds": 613.7476579644717}
{"step": 9800, "loss": 2.80157470703125, "seconds": 620.1214103484526}
{"step": 9900, "loss": 2.7069132328033447, "seconds": 626.2815930023789}
{"step": 10000, "loss": 2.8570945262908936, "seconds": 632.493143392494}
{"validation": {"step": 10000, "bpb": 1.5258005820893177, "token_ppl": 25.127235194940038, "nll_nats": 1214137.2217951813, "targets": 376599, "utf8_bytes": 1148007, "seconds": 2.2527795168571174}}
{"step": 10100, "loss": 2.762514352798462, "seconds": 638.9107982486021}
{"step": 10200, "loss": 2.732673168182373, "seconds": 645.2960641495883}
{"step": 10300, "loss": 2.6938886642456055, "seconds": 651.6823534425348}
{"step": 10400, "loss": 2.829582691192627, "seconds": 658.0720957845915}
{"step": 10500, "loss": 2.852322816848755, "seconds": 664.0818076725118}
{"validation": {"step": 10500, "bpb": 1.5186641549697826, "token_ppl": 24.751184727939858, "nll_nats": 1208458.4968699412, "targets": 376599, "utf8_bytes": 1148007, "seconds": 2.250246942974627}}
{"step": 10600, "loss": 2.8414902687072754, "seconds": 670.5289953346364}
{"step": 10700, "loss": 2.752277374267578, "seconds": 676.9114679386839}
{"step": 10800, "loss": 2.879570245742798, "seconds": 683.3023573325481}
{"step": 10900, "loss": 2.758652925491333, "seconds": 689.6676915995777}
{"step": 11000, "loss": 2.7900288105010986, "seconds": 695.6367594057228}
{"validation": {"step": 11000, "bpb": 1.5146541108960436, "token_ppl": 24.54235257253476, "nll_nats": 1205267.553159395, "targets": 376599, "utf8_bytes": 1148007, "seconds": 2.260548537829891}}
{"step": 11100, "loss": 2.787811756134033, "seconds": 702.054312214721}
{"step": 11200, "loss": 2.731091022491455, "seconds": 708.4364040738437}
{"step": 11300, "loss": 2.743041515350342, "seconds": 714.8210100329015}
{"step": 11400, "loss": 2.7683136463165283, "seconds": 721.1977880687919}
{"step": 11500, "loss": 2.7209203243255615, "seconds": 727.1896852639038}
{"validation": {"step": 11500, "bpb": 1.514251881292221, "token_ppl": 24.52150303061201, "nll_nats": 1204947.4838531949, "targets": 376599, "utf8_bytes": 1148007, "seconds": 2.2425051538739353}}
{"step": 11600, "loss": 2.7359654903411865, "seconds": 733.6084651388228}
{"step": 11700, "loss": 2.6178042888641357, "seconds": 740.0124499518424}
{"step": 11800, "loss": 2.6772572994232178, "seconds": 746.3924538770225}
{"step": 11900, "loss": 2.7132809162139893, "seconds": 752.795897844946}
{"step": 12000, "loss": 2.700190544128418, "seconds": 758.8971732489299}
{"validation": {"step": 12000, "bpb": 1.5080580886460266, "token_ppl": 24.202675490565436, "nll_nats": 1200018.84882441, "targets": 376599, "utf8_bytes": 1148007, "seconds": 2.10979943186976}}
{"step": 12100, "loss": 2.678895950317383, "seconds": 765.340969088953}
{"step": 12200, "loss": 2.6683340072631836, "seconds": 771.6992380481679}
{"step": 12300, "loss": 2.674391746520996, "seconds": 778.0790036390536}
{"step": 12400, "loss": 2.656342029571533, "seconds": 784.4652140541002}
{"step": 12500, "loss": 2.7436273097991943, "seconds": 790.7644116319716}
{"validation": {"step": 12500, "bpb": 1.5072771060242864, "token_ppl": 24.162769573169268, "nll_nats": 1199397.391419189, "targets": 376599, "utf8_bytes": 1148007, "seconds": 1.9277910648379475}}
{"step": 12600, "loss": 2.671147108078003, "seconds": 797.2091115473304}
{"step": 12700, "loss": 2.652285099029541, "seconds": 803.5831594332121}
{"step": 12800, "loss": 2.702275037765503, "seconds": 809.9580567323137}
{"step": 12900, "loss": 2.6557705402374268, "seconds": 816.3234746202361}
{"step": 13000, "loss": 2.728179693222046, "seconds": 822.6882201551925}
{"validation": {"step": 13000, "bpb": 1.5028358738831533, "token_ppl": 23.937083440073998, "nll_nats": 1195863.3350579054, "targets": 376599, "utf8_bytes": 1148007, "seconds": 2.065799138043076}}
{"step": 13100, "loss": 2.6915335655212402, "seconds": 828.950691544218}
{"step": 13200, "loss": 2.710236072540283, "seconds": 835.3360574271064}
{"step": 13300, "loss": 2.696699619293213, "seconds": 841.6990740972105}
{"step": 13400, "loss": 2.654763698577881, "seconds": 848.0753168840893}
{"step": 13500, "loss": 2.6548712253570557, "seconds": 854.4547779341228}
{"validation": {"step": 13500, "bpb": 1.5017840244267466, "token_ppl": 23.883942022903543, "nll_nats": 1195026.3386694263, "targets": 376599, "utf8_bytes": 1148007, "seconds": 2.239402770064771}}
{"step": 13600, "loss": 2.567030191421509, "seconds": 860.5016497271135}
{"step": 13700, "loss": 2.5818819999694824, "seconds": 866.8921901232097}
{"step": 13800, "loss": 2.6278672218322754, "seconds": 873.2791759041138}
{"step": 13900, "loss": 2.5664923191070557, "seconds": 879.6522229041439}
{"step": 14000, "loss": 2.6710829734802246, "seconds": 886.0345901611727}
{"validation": {"step": 14000, "bpb": 1.500596276837025, "token_ppl": 23.824076587027204, "nll_nats": 1194081.2029972377, "targets": 376599, "utf8_bytes": 1148007, "seconds": 2.253871544962749}}
{"step": 14100, "loss": 2.6599771976470947, "seconds": 892.0468483231962}
{"step": 14200, "loss": 2.6600897312164307, "seconds": 898.4277447701897}
{"step": 14300, "loss": 2.6502304077148438, "seconds": 904.8061112412252}
{"step": 14400, "loss": 2.684180974960327, "seconds": 911.161458495073}
{"step": 14500, "loss": 2.5531725883483887, "seconds": 917.5212768721394}
{"validation": {"step": 14500, "bpb": 1.4978048006877724, "token_ppl": 23.683969317643598, "nll_nats": 1191859.919864733, "targets": 376599, "utf8_bytes": 1148007, "seconds": 2.2456273350398988}}
{"step": 14600, "loss": 2.7087271213531494, "seconds": 923.5520480431151}
{"step": 14700, "loss": 2.616673469543457, "seconds": 929.9218094821554}
{"step": 14800, "loss": 2.6130549907684326, "seconds": 936.2877381062135}
{"step": 14900, "loss": 2.592315435409546, "seconds": 942.6769848130643}
{"step": 15000, "loss": 2.4367406368255615, "seconds": 949.0678609830793}
{"validation": {"step": 15000, "bpb": 1.4956740557696986, "token_ppl": 23.57757963389323, "nll_nats": 1190164.4055586355, "targets": 376599, "utf8_bytes": 1148007, "seconds": 2.249809707980603}}
{"step": 15100, "loss": 2.58122181892395, "seconds": 955.2269695480354}
{"step": 15200, "loss": 2.7231342792510986, "seconds": 961.4810661950614}
{"step": 15300, "loss": 2.6215579509735107, "seconds": 967.8953509512357}
{"step": 15400, "loss": 2.6240248680114746, "seconds": 974.2649467322044}
{"step": 15500, "loss": 2.6850922107696533, "seconds": 980.63510924601}
{"validation": {"step": 15500, "bpb": 1.4940844757354312, "token_ppl": 23.498522089123483, "nll_nats": 1188899.516614902, "targets": 376599, "utf8_bytes": 1148007, "seconds": 2.2367933120112866}}
{"step": 15600, "loss": 2.590688943862915, "seconds": 987.0072411240544}
{"step": 15700, "loss": 2.5513412952423096, "seconds": 993.0523272680584}
{"step": 15800, "loss": 2.5889317989349365, "seconds": 999.4268710161559}
{"step": 15900, "loss": 2.5218441486358643, "seconds": 1005.7929528341629}
{"step": 16000, "loss": 2.6214730739593506, "seconds": 1012.1479031580966}
{"validation": {"step": 16000, "bpb": 1.4894359916148872, "token_ppl": 23.268848186693837, "nll_nats": 1185200.542016303, "targets": 376599, "utf8_bytes": 1148007, "seconds": 2.246456927154213}}
{"step": 16100, "loss": 2.6106600761413574, "seconds": 1018.5548024589662}
{"step": 16200, "loss": 2.508546829223633, "seconds": 1024.5270017050207}
{"step": 16300, "loss": 2.493208885192871, "seconds": 1030.878546928987}
{"step": 16400, "loss": 2.651463031768799, "seconds": 1037.248763642041}
{"step": 16500, "loss": 2.5316779613494873, "seconds": 1043.6219846450258}
{"validation": {"step": 16500, "bpb": 1.4910240496069573, "token_ppl": 23.347057940699848, "nll_nats": 1186464.2198135033, "targets": 376599, "utf8_bytes": 1148007, "seconds": 2.253057620022446}}
{"step": 16600, "loss": 2.5386736392974854, "seconds": 1050.0375391759444}
{"step": 16700, "loss": 2.6218128204345703, "seconds": 1056.0439007519744}
{"step": 16800, "loss": 2.593817710876465, "seconds": 1062.4157477959525}
{"step": 16900, "loss": 2.5073602199554443, "seconds": 1068.7879635440186}
{"step": 17000, "loss": 2.474518060684204, "seconds": 1075.1732007639948}
{"validation": {"step": 17000, "bpb": 1.490539826310596, "token_ppl": 23.323182767990332, "nll_nats": 1186078.905025533, "targets": 376599, "utf8_bytes": 1148007, "seconds": 2.254435110837221}}
{"step": 17100, "loss": 2.4879841804504395, "seconds": 1081.582224941114}
{"step": 17200, "loss": 2.530191659927368, "seconds": 1087.6809760611504}
{"step": 17300, "loss": 2.529550790786743, "seconds": 1093.9268734462094}
{"step": 17400, "loss": 2.4800074100494385, "seconds": 1100.3102228799835}
{"step": 17500, "loss": 2.5292866230010986, "seconds": 1106.6810304250102}
{"validation": {"step": 17500, "bpb": 1.4904314858039918, "token_ppl": 23.317844261141882, "nll_nats": 1185992.6943874978, "targets": 376599, "utf8_bytes": 1148007, "seconds": 2.2430206059943885}}
{"step": 17600, "loss": 2.450772523880005, "seconds": 1113.0991873620078}
{"step": 17700, "loss": 2.559978485107422, "seconds": 1119.415126883192}
{"step": 17800, "loss": 2.565490961074829, "seconds": 1125.4458638729993}
{"step": 17900, "loss": 2.51094388961792, "seconds": 1131.820817782078}
{"step": 18000, "loss": 2.442457914352417, "seconds": 1138.1950997051317}
{"validation": {"step": 18000, "bpb": 1.48858268598075, "token_ppl": 23.226932278867622, "nll_nats": 1184521.5344552004, "targets": 376599, "utf8_bytes": 1148007, "seconds": 2.2577748680487275}}
{"step": 18100, "loss": 2.5192017555236816, "seconds": 1144.6133766069543}
{"step": 18200, "loss": 2.5008955001831055, "seconds": 1150.997405180009}
{"step": 18300, "loss": 2.5805740356445312, "seconds": 1156.961478556972}
{"step": 18400, "loss": 2.524836540222168, "seconds": 1163.3196857881267}
{"step": 18500, "loss": 2.4745030403137207, "seconds": 1169.6934535889886}
{"validation": {"step": 18500, "bpb": 1.491795969921889, "token_ppl": 23.385168883213648, "nll_nats": 1187078.465998503, "targets": 376599, "utf8_bytes": 1148007, "seconds": 2.2487114439718425}}
{"step": 18600, "loss": 2.5346407890319824, "seconds": 1176.1190124021377}
{"step": 18700, "loss": 2.479675531387329, "seconds": 1182.5084666700568}
{"step": 18800, "loss": 2.5626425743103027, "seconds": 1188.5033493670635}
{"step": 18900, "loss": 2.4530463218688965, "seconds": 1194.8954178411514}
{"step": 19000, "loss": 2.4318301677703857, "seconds": 1201.2813910031691}
{"validation": {"step": 19000, "bpb": 1.488189566491301, "token_ppl": 23.207646956455736, "nll_nats": 1184208.7144115092, "targets": 376599, "utf8_bytes": 1148007, "seconds": 2.25063569098711}}
{"step": 19100, "loss": 2.4917969703674316, "seconds": 1207.7238919290248}
{"step": 19200, "loss": 2.5150740146636963, "seconds": 1214.1125098001212}
{"step": 19300, "loss": 2.41782546043396, "seconds": 1220.1704629231244}
{"step": 19400, "loss": 2.5314948558807373, "seconds": 1226.4600706989877}
{"step": 19500, "loss": 2.52150559425354, "seconds": 1232.8626597470138}
{"validation": {"step": 19500, "bpb": 1.4864765076222297, "token_ppl": 23.123795911731335, "nll_nats": 1182845.5686895316, "targets": 376599, "utf8_bytes": 1148007, "seconds": 2.2399185688700527}}
{"step": 19600, "loss": 2.5796053409576416, "seconds": 1239.29282656312}
{"step": 19700, "loss": 2.5242135524749756, "seconds": 1245.672495685285}
{"step": 19800, "loss": 2.483933925628662, "seconds": 1251.935347984312}
{"step": 19900, "loss": 2.543905019760132, "seconds": 1258.024894261267}
{"step": 20000, "loss": 2.4568588733673096, "seconds": 1264.4134442282375}
{"validation": {"step": 20000, "bpb": 1.4891037754351446, "token_ppl": 23.252520145731175, "nll_nats": 1184936.185039223, "targets": 376599, "utf8_bytes": 1148007, "seconds": 2.2459352400619537}}
{
  "protocol": "7506-mp1-wt2-v2",
  "implementation": "student_no_swiglu",
  "config": {
    "vocab": 2048,
    "width": 320,
    "heads": 8,
    "depth": 8,
    "context": 256,
    "dropout": 0.25
  },
  "seed": 17,
  "parameters": 10509440,
  "precision": "bf16",
  "train_tokens": 163840000,
  "preparation_seconds": 12.20425209403038,
  "train_seconds": 1264.4609623050783,
  "validation": {
    "bpb": 1.4891037754351446,
    "token_ppl": 23.252520145731175,
    "nll_nats": 1184936.185039223,
    "targets": 376599,
    "utf8_bytes": 1148007,
    "seconds": 2.2399377790279686
  },
  "history": [],
  "validation_history": [
    {
      "step": 500,
      "bpb": 1.9773490919999872,
      "token_ppl": 65.23885952831795,
      "nll_nats": 1573451.4465793744,
      "targets": 376599,
      "utf8_bytes": 1148007,
      "seconds": 1.930059744976461
    },
    {
      "step": 1000,
      "bpb": 1.8161001713376506,
      "token_ppl": 46.40202603705173,
      "nll_nats": 1445139.5827299342,
      "targets": 376599,
      "utf8_bytes": 1148007,
      "seconds": 2.010263033909723
    },
    {
      "step": 1500,
      "bpb": 1.7430217228286453,
      "token_ppl": 39.762785653707546,
      "nll_nats": 1386988.297766909,
      "targets": 376599,
      "utf8_bytes": 1148007,
      "seconds": 2.197532783029601
    },
    {
      "step": 2000,
      "bpb": 1.6991149570025414,
      "token_ppl": 36.23981206431771,
      "nll_nats": 1352050.023850982,
      "targets": 376599,
      "utf8_bytes": 1148007,
      "seconds": 2.2573308921419084
    },
    {
      "step": 2500,
      "bpb": 1.6691598734332533,
      "token_ppl": 34.01713833072518,
      "nll_nats": 1328213.631094036,
      "targets": 376599,
      "utf8_bytes": 1148007,
      "seconds": 2.249201708007604
    },
    {
      "step": 3000,
      "bpb": 1.6478152988768688,
      "token_ppl": 32.51704065246472,
      "nll_nats": 1311228.9459677513,
      "targets": 376599,
      "utf8_bytes": 1148007,
      "seconds": 2.246195530053228
    },
    {
      "step": 3500,
      "bpb": 1.6207287182574206,
      "token_ppl": 30.708253938886106,
      "nll_nats": 1289675.12948133,
      "targets": 376599,
      "utf8_bytes": 1148007,
      "seconds": 2.2364206090569496
    },
    {
      "step": 4000,
      "bpb": 1.6019596735627948,
      "token_ppl": 29.514252314434827,
      "nll_nats": 1274739.890860515,
      "targets": 376599,
      "utf8_bytes": 1148007,
      "seconds": 2.2561848470941186
    },
    {
      "step": 4500,
      "bpb": 1.5888170311750107,
      "token_ppl": 28.705921528198132,
      "nll_nats": 1264281.7933194186,
      "targets": 376599,
      "utf8_bytes": 1148007,
      "seconds": 2.2479948869440705
    },
    {
      "step": 5000,
      "bpb": 1.5781837633710756,
      "token_ppl": 28.06815837090713,
      "nll_nats": 1255820.5000274763,
      "targets": 376599,
      "utf8_bytes": 1148007,
      "seconds": 2.2542623849585652
    },
    {
      "step": 5500,
      "bpb": 1.56943654875686,
      "token_ppl": 27.554153429979312,
      "nll_nats": 1248860.0105802857,
      "targets": 376599,
      "utf8_bytes": 1148007,
      "seconds": 2.249874206027016
    },
    {
      "step": 6000,
      "bpb": 1.5623241658700737,
      "token_ppl": 27.143161023762737,
      "nll_nats": 1243200.4185602842,
      "targets": 376599,
      "utf8_bytes": 1148007,
      "seconds": 2.2605156099889427
    },
    {
      "step": 6500,
      "bpb": 1.55854331698823,
      "token_ppl": 26.927184278738636,
      "nll_nats": 1240191.8541310169,
      "targets": 376599,
      "utf8_bytes": 1148007,
      "seconds": 2.249094028957188
    },
    {
      "step": 7000,
      "bpb": 1.5520026497841353,
      "token_ppl": 26.557606137031215,
      "nll_nats": 1234987.1978993407,
      "targets": 376599,
      "utf8_bytes": 1148007,
      "seconds": 2.262650361051783
    },
    {
      "step": 7500,
      "bpb": 1.5426024119837434,
      "token_ppl": 26.035314953740347,
      "nll_nats": 1227507.0732086333,
      "targets": 376599,
      "utf8_bytes": 1148007,
      "seconds": 2.2452460711356252
    },
    {
      "step": 8000,
      "bpb": 1.5371437399847776,
      "token_ppl": 25.73675021652583,
      "nll_nats": 1223163.4014776656,
      "targets": 376599,
      "utf8_bytes": 1148007,
      "seconds": 2.2432737501803786
    },
    {
      "step": 8500,
      "bpb": 1.5304945065994475,
      "token_ppl": 25.377688692411073,
      "nll_nats": 1217872.3550301164,
      "targets": 376599,
      "utf8_bytes": 1148007,
      "seconds": 2.240768159041181
    },
    {
      "step": 9000,
      "bpb": 1.5312110388285192,
      "token_ppl": 25.416139674141263,
      "nll_nats": 1218442.5268206792,
      "targets": 376599,
      "utf8_bytes": 1148007,
      "seconds": 2.2389293019659817
    },
    {
      "step": 9500,
      "bpb": 1.5282022745849193,
      "token_ppl": 25.255071838184872,
      "nll_nats": 1216048.339334685,
      "targets": 376599,
      "utf8_bytes": 1148007,
      "seconds": 2.2465185129549354
    },
    {
      "step": 10000,
      "bpb": 1.5258005820893177,
      "token_ppl": 25.127235194940038,
      "nll_nats": 1214137.2217951813,
      "targets": 376599,
      "utf8_bytes": 1148007,
      "seconds": 2.2527795168571174
    },
    {
      "step": 10500,
      "bpb": 1.5186641549697826,
      "token_ppl": 24.751184727939858,
      "nll_nats": 1208458.4968699412,
      "targets": 376599,
      "utf8_bytes": 1148007,
      "seconds": 2.250246942974627
    },
    {
      "step": 11000,
      "bpb": 1.5146541108960436,
      "token_ppl": 24.54235257253476,
      "nll_nats": 1205267.553159395,
      "targets": 376599,
      "utf8_bytes": 1148007,
      "seconds": 2.260548537829891
    },
    {
      "step": 11500,
      "bpb": 1.514251881292221,
      "token_ppl": 24.52150303061201,
      "nll_nats": 1204947.4838531949,
      "targets": 376599,
      "utf8_bytes": 1148007,
      "seconds": 2.2425051538739353
    },
    {
      "step": 12000,
      "bpb": 1.5080580886460266,
      "token_ppl": 24.202675490565436,
      "nll_nats": 1200018.84882441,
      "targets": 376599,
      "utf8_bytes": 1148007,
      "seconds": 2.10979943186976
    },
    {
      "step": 12500,
      "bpb": 1.5072771060242864,
      "token_ppl": 24.162769573169268,
      "nll_nats": 1199397.391419189,
      "targets": 376599,
      "utf8_bytes": 1148007,
      "seconds": 1.9277910648379475
    },
    {
      "step": 13000,
      "bpb": 1.5028358738831533,
      "token_ppl": 23.937083440073998,
      "nll_nats": 1195863.3350579054,
      "targets": 376599,
      "utf8_bytes": 1148007,
      "seconds": 2.065799138043076
    },
    {
      "step": 13500,
      "bpb": 1.5017840244267466,
      "token_ppl": 23.883942022903543,
      "nll_nats": 1195026.3386694263,
      "targets": 376599,
      "utf8_bytes": 1148007,
      "seconds": 2.239402770064771
    },
    {
      "step": 14000,
      "bpb": 1.500596276837025,
      "token_ppl": 23.824076587027204,
      "nll_nats": 1194081.2029972377,
      "targets": 376599,
      "utf8_bytes": 1148007,
      "seconds": 2.253871544962749
    },
    {
      "step": 14500,
      "bpb": 1.4978048006877724,
      "token_ppl": 23.683969317643598,
      "nll_nats": 1191859.919864733,
      "targets": 376599,
      "utf8_bytes": 1148007,
      "seconds": 2.2456273350398988
    },
    {
      "step": 15000,
      "bpb": 1.4956740557696986,
      "token_ppl": 23.57757963389323,
      "nll_nats": 1190164.4055586355,
      "targets": 376599,
      "utf8_bytes": 1148007,
      "seconds": 2.249809707980603
    },
    {
      "step": 15500,
      "bpb": 1.4940844757354312,
      "token_ppl": 23.498522089123483,
      "nll_nats": 1188899.516614902,
      "targets": 376599,
      "utf8_bytes": 1148007,
      "seconds": 2.2367933120112866
    },
    {
      "step": 16000,
      "bpb": 1.4894359916148872,
      "token_ppl": 23.268848186693837,
      "nll_nats": 1185200.542016303,
      "targets": 376599,
      "utf8_bytes": 1148007,
      "seconds": 2.246456927154213
    },
    {
      "step": 16500,
      "bpb": 1.4910240496069573,
      "token_ppl": 23.347057940699848,
      "nll_nats": 1186464.2198135033,
      "targets": 376599,
      "utf8_bytes": 1148007,
      "seconds": 2.253057620022446
    },
    {
      "step": 17000,
      "bpb": 1.490539826310596,
      "token_ppl": 23.323182767990332,
      "nll_nats": 1186078.905025533,
      "targets": 376599,
      "utf8_bytes": 1148007,
      "seconds": 2.254435110837221
    },
    {
      "step": 17500,
      "bpb": 1.4904314858039918,
      "token_ppl": 23.317844261141882,
      "nll_nats": 1185992.6943874978,
      "targets": 376599,
      "utf8_bytes": 1148007,
      "seconds": 2.2430206059943885
    },
    {
      "step": 18000,
      "bpb": 1.48858268598075,
      "token_ppl": 23.226932278867622,
      "nll_nats": 1184521.5344552004,
      "targets": 376599,
      "utf8_bytes": 1148007,
      "seconds": 2.2577748680487275
    },
    {
      "step": 18500,
      "bpb": 1.491795969921889,
      "token_ppl": 23.385168883213648,
      "nll_nats": 1187078.465998503,
      "targets": 376599,
      "utf8_bytes": 1148007,
      "seconds": 2.2487114439718425
    },
    {
      "step": 19000,
      "bpb": 1.488189566491301,
      "token_ppl": 23.207646956455736,
      "nll_nats": 1184208.7144115092,
      "targets": 376599,
      "utf8_bytes": 1148007,
      "seconds": 2.25063569098711
    },
    {
      "step": 19500,
      "bpb": 1.4864765076222297,
      "token_ppl": 23.123795911731335,
      "nll_nats": 1182845.5686895316,
      "targets": 376599,
      "utf8_bytes": 1148007,
      "seconds": 2.2399185688700527
    },
    {
      "step": 20000,
      "bpb": 1.4891037754351446,
      "token_ppl": 23.252520145731175,
      "nll_nats": 1184936.185039223,
      "targets": 376599,
      "utf8_bytes": 1148007,
      "seconds": 2.2459352400619537
    }
  ],
  "intermediate_validation_seconds": 88.69723695376888,
  "process_seconds": 1368.1195595199242,
  "torch_version": "2.7.1+cu126",
  "threads": 4,
  "checkpoint_sha256": "cda7add5728a8997dba97e211f3534037d2b07374c61365d3ccc7b592210d0fd",
  "implementation_sha256": "46a366695617dc6945a8f1813ec98ad118b5333d00c7fb4db4157948ae5f20d0",
  "device": "cuda:0",
  "device_name": "NVIDIA GeForce RTX 3080 Ti",
  "peak_allocated_gb": 1.347468288,
  "peak_reserved_gb": 1.396703232
}
