nohup: ignoring input
{"step": 100, "loss": 5.428983211517334, "seconds": 6.34690540516749}
{"step": 200, "loss": 4.591920375823975, "seconds": 12.320878452155739}
{"step": 300, "loss": 4.309850692749023, "seconds": 18.342153168050572}
{"step": 400, "loss": 3.953843832015991, "seconds": 24.332104216096923}
{"step": 500, "loss": 3.8999390602111816, "seconds": 30.008886363124475}
{"validation": {"step": 500, "bpb": 1.9055800025042535, "token_ppl": 56.059309865284526, "nll_nats": 1516342.0680970303, "targets": 376599, "utf8_bytes": 1148007, "seconds": 2.335952252149582}}
{"step": 600, "loss": 3.720008611679077, "seconds": 36.09166153590195}
{"step": 700, "loss": 3.5784077644348145, "seconds": 42.24349237489514}
{"step": 800, "loss": 3.6239068508148193, "seconds": 48.392811863915995}
{"step": 900, "loss": 3.4771535396575928, "seconds": 54.5590469238814}
{"step": 1000, "loss": 3.4927120208740234, "seconds": 60.33843335183337}
{"validation": {"step": 1000, "bpb": 1.7626292387655544, "token_ppl": 41.44475335422927, "nll_nats": 1402590.7396622614, "targets": 376599, "utf8_bytes": 1148007, "seconds": 2.2189102969132364}}
{"step": 1100, "loss": 3.343691110610962, "seconds": 66.51763203600422}
{"step": 1200, "loss": 3.345914840698242, "seconds": 72.68912146496587}
{"step": 1300, "loss": 3.2799947261810303, "seconds": 78.8758895189967}
{"step": 1400, "loss": 3.1093902587890625, "seconds": 84.70325664500706}
{"step": 1500, "loss": 3.110943078994751, "seconds": 90.90686129289679}
{"validation": {"step": 1500, "bpb": 1.695108520102798, "token_ppl": 35.93432126825099, "nll_nats": 1348861.9505051905, "targets": 376599, "utf8_bytes": 1148007, "seconds": 2.2059054728597403}}
{"step": 1600, "loss": 3.0868940353393555, "seconds": 97.17268484318629}
{"step": 1700, "loss": 3.1804487705230713, "seconds": 103.39478592108935}
{"step": 1800, "loss": 3.1310107707977295, "seconds": 109.41926369606517}
{"step": 1900, "loss": 3.1212501525878906, "seconds": 115.44439360010438}
{"step": 2000, "loss": 3.0392355918884277, "seconds": 121.66327000712045}
{"validation": {"step": 2000, "bpb": 1.655372672970893, "token_ppl": 33.04045410474818, "nll_nats": 1317242.634318834, "targets": 376599, "utf8_bytes": 1148007, "seconds": 2.214815674116835}}
{"step": 2100, "loss": 2.9577906131744385, "seconds": 127.92186310212128}
{"step": 2200, "loss": 2.989227056503296, "seconds": 134.1393044309225}
{"step": 2300, "loss": 2.995612144470215, "seconds": 140.00440511107445}
{"step": 2400, "loss": 2.979163885116577, "seconds": 146.23248057393357}
{"step": 2500, "loss": 3.0027565956115723, "seconds": 152.4703998810146}
{"validation": {"step": 2500, "bpb": 1.6364492959449346, "token_ppl": 31.74541782702121, "nll_nats": 1302184.5876258519, "targets": 376599, "utf8_bytes": 1148007, "seconds": 2.2352819049265236}}
{"step": 2600, "loss": 3.0130844116210938, "seconds": 158.72878312901594}
{"step": 2700, "loss": 2.9961955547332764, "seconds": 164.57947885617614}
{"step": 2800, "loss": 2.9245598316192627, "seconds": 170.80475746211596}
{"step": 2900, "loss": 2.780015230178833, "seconds": 177.0311261790339}
{"step": 3000, "loss": 2.7474184036254883, "seconds": 183.25230790814385}
{"validation": {"step": 3000, "bpb": 1.6353270389290253, "token_ppl": 31.670229677590456, "nll_nats": 1301291.5652797925, "targets": 376599, "utf8_bytes": 1148007, "seconds": 2.221228649839759}}
{"step": 3100, "loss": 2.868901491165161, "seconds": 189.40841927821748}
{"step": 3200, "loss": 2.8213446140289307, "seconds": 195.3610483543016}
{"step": 3300, "loss": 2.7082107067108154, "seconds": 201.58023875928484}
{"step": 3400, "loss": 2.6702544689178467, "seconds": 207.82232886832207}
{"step": 3500, "loss": 2.758387565612793, "seconds": 214.04497754923068}
{"validation": {"step": 3500, "bpb": 1.617440849180737, "token_ppl": 30.495659060811168, "nll_nats": 1287058.8477252144, "targets": 376599, "utf8_bytes": 1148007, "seconds": 2.230665927985683}}
{"step": 3600, "loss": 2.7019400596618652, "seconds": 219.94482499035075}
{"step": 3700, "loss": 2.755690336227417, "seconds": 226.16745563526638}
{"step": 3800, "loss": 2.7108731269836426, "seconds": 232.4092953761574}
{"step": 3900, "loss": 2.6611499786376953, "seconds": 238.6362721992191}
{"step": 4000, "loss": 2.6595945358276367, "seconds": 244.88288130424917}
{"validation": {"step": 4000, "bpb": 1.6177696078658084, "token_ppl": 30.51685032880879, "nll_nats": 1287320.4534430383, "targets": 376599, "utf8_bytes": 1148007, "seconds": 1.8162255799397826}}
{"step": 4100, "loss": 2.5681474208831787, "seconds": 251.1692354104016}
{"step": 4200, "loss": 2.6750118732452393, "seconds": 257.39200481423177}
{"step": 4300, "loss": 2.476933002471924, "seconds": 263.6115674583707}
{"step": 4400, "loss": 2.6634199619293213, "seconds": 269.8450819903519}
{"step": 4500, "loss": 2.610219717025757, "seconds": 275.70352587336674}
{"validation": {"step": 4500, "bpb": 1.6160262339893385, "token_ppl": 30.40464294876872, "nll_nats": 1285933.1849233021, "targets": 376599, "utf8_bytes": 1148007, "seconds": 2.2273893360979855}}
{"step": 4600, "loss": 2.6313204765319824, "seconds": 281.97896834812127}
{"step": 4700, "loss": 2.4748847484588623, "seconds": 288.2176786833443}
{"step": 4800, "loss": 2.665398359298706, "seconds": 294.43788802134804}
{"step": 4900, "loss": 2.517618179321289, "seconds": 300.42068006214686}
{"step": 5000, "loss": 2.558054208755493, "seconds": 306.53525219415314}
{"validation": {"step": 5000, "bpb": 1.618571974150308, "token_ppl": 30.568631445238253, "nll_nats": 1287958.9266373469, "targets": 376599, "utf8_bytes": 1148007, "seconds": 2.235898185055703}}
{"step": 5100, "loss": 2.4645044803619385, "seconds": 312.8171658751089}
{"step": 5200, "loss": 2.435722589492798, "seconds": 319.0449536072556}
{"step": 5300, "loss": 2.541475772857666, "seconds": 325.28329185629264}
{"step": 5400, "loss": 2.6363236904144287, "seconds": 331.15699084615335}
{"step": 5500, "loss": 2.5298874378204346, "seconds": 337.39501685020514}
{"validation": {"step": 5500, "bpb": 1.621145474090287, "token_ppl": 30.73530715339514, "nll_nats": 1290006.7578572943, "targets": 376599, "utf8_bytes": 1148007, "seconds": 2.2390711791813374}}
{"step": 5600, "loss": 2.477781057357788, "seconds": 343.6742310170084}
{"step": 5700, "loss": 2.457828998565674, "seconds": 349.90083317505196}
{"step": 5800, "loss": 2.4717204570770264, "seconds": 355.7672776079271}
{"step": 5900, "loss": 2.5581066608428955, "seconds": 361.9966715029441}
{"step": 6000, "loss": 2.352923631668091, "seconds": 368.2253792400006}
{"validation": {"step": 6000, "bpb": 1.6243576782821172, "token_ppl": 30.94462497364689, "nll_nats": 1292562.8302032405, "targets": 376599, "utf8_bytes": 1148007, "seconds": 2.24587718420662}}
{"step": 6100, "loss": 2.3309457302093506, "seconds": 374.50314279668964}
{"step": 6200, "loss": 2.379953145980835, "seconds": 380.52866239473224}
{"step": 6300, "loss": 2.4410409927368164, "seconds": 386.59622844681144}
{"step": 6400, "loss": 2.627661943435669, "seconds": 392.83315753471106}
{"step": 6500, "loss": 2.3423829078674316, "seconds": 399.06427042372525}
{"validation": {"step": 6500, "bpb": 1.6361530574353387, "token_ppl": 31.72555333414179, "nll_nats": 1301948.8594414145, "targets": 376599, "utf8_bytes": 1148007, "seconds": 2.246864285087213}}
{"step": 6600, "loss": 2.3145720958709717, "seconds": 405.3566755237989}
{"step": 6700, "loss": 2.2884933948516846, "seconds": 411.23494448070414}
{"step": 6800, "loss": 2.3201544284820557, "seconds": 417.4805466285907}
{"step": 6900, "loss": 2.313375473022461, "seconds": 423.7289568926208}
{"step": 7000, "loss": 2.2916619777679443, "seconds": 429.9754321866203}
{"validation": {"step": 7000, "bpb": 1.6443427290657597, "token_ppl": 32.27932350319096, "nll_nats": 1308465.6908527373, "targets": 376599, "utf8_bytes": 1148007, "seconds": 2.250413481146097}}
{"step": 7100, "loss": 2.4468472003936768, "seconds": 435.88894224748947}
{"step": 7200, "loss": 2.3140251636505127, "seconds": 442.1403477615677}
{"step": 7300, "loss": 2.405524730682373, "seconds": 448.38448203052394}
{"step": 7400, "loss": 2.2603461742401123, "seconds": 454.6352548536379}
{"step": 7500, "loss": 2.5200717449188232, "seconds": 460.8802969546523}
{"validation": {"step": 7500, "bpb": 1.6506066361567198, "token_ppl": 32.70939212869213, "nll_nats": 1313450.118596622, "targets": 376599, "utf8_bytes": 1148007, "seconds": 2.060932818101719}}
{"step": 7600, "loss": 2.303946018218994, "seconds": 466.98679973045364}
{"step": 7700, "loss": 2.306608200073242, "seconds": 473.228805502411}
{"step": 7800, "loss": 2.301377058029175, "seconds": 479.47512261546217}
{"step": 7900, "loss": 2.192471981048584, "seconds": 485.72389873838983}
{"step": 8000, "loss": 2.282135009765625, "seconds": 491.5988621774595}
{"validation": {"step": 8000, "bpb": 1.6574920917990046, "token_ppl": 33.188749078475084, "nll_nats": 1318929.1360268488, "targets": 376599, "utf8_bytes": 1148007, "seconds": 2.2356389828491956}}
{"step": 8100, "loss": 2.2642757892608643, "seconds": 497.891889920691}
{"step": 8200, "loss": 2.1648824214935303, "seconds": 504.1314335076604}
{"step": 8300, "loss": 2.3139774799346924, "seconds": 510.3750789046753}
{"step": 8400, "loss": 2.2435302734375, "seconds": 516.5212374497205}
{"step": 8500, "loss": 2.1225807666778564, "seconds": 522.5019318626728}
{"validation": {"step": 8500, "bpb": 1.669599713130446, "token_ppl": 34.048767286830746, "nll_nats": 1328563.628173768, "targets": 376599, "utf8_bytes": 1148007, "seconds": 2.2384622460231185}}
{"step": 8600, "loss": 2.2583377361297607, "seconds": 528.8002661184873}
{"step": 8700, "loss": 2.1906518936157227, "seconds": 535.028284695698}
{"step": 8800, "loss": 2.192018985748291, "seconds": 541.260395437479}
{"step": 8900, "loss": 2.2110772132873535, "seconds": 547.1216738175135}
{"step": 9000, "loss": 2.1995925903320312, "seconds": 553.3579574294854}
{"validation": {"step": 9000, "bpb": 1.680043444598733, "token_ppl": 34.808478541426666, "nll_nats": 1336874.1002360592, "targets": 376599, "utf8_bytes": 1148007, "seconds": 2.2300099681597203}}
{"step": 9100, "loss": 2.0329790115356445, "seconds": 559.6498717013747}
{"step": 9200, "loss": 2.079998254776001, "seconds": 565.9089857693762}
{"step": 9300, "loss": 2.0713980197906494, "seconds": 571.800853487337}
{"step": 9400, "loss": 2.0665392875671387, "seconds": 578.0571572943591}
{"step": 9500, "loss": 2.1414568424224854, "seconds": 584.2918009804562}
{"validation": {"step": 9500, "bpb": 1.6864355676618623, "token_ppl": 35.28180104950169, "nll_nats": 1341960.5542775262, "targets": 376599, "utf8_bytes": 1148007, "seconds": 2.221672010142356}}
{"step": 9600, "loss": 2.1123735904693604, "seconds": 590.5782045782544}
{"step": 9700, "loss": 2.1254024505615234, "seconds": 596.7487339193467}
{"step": 9800, "loss": 2.018777847290039, "seconds": 602.7275259473827}
{"step": 9900, "loss": 1.9760395288467407, "seconds": 608.9702830193564}
{"step": 10000, "loss": 2.1136651039123535, "seconds": 615.210712543223}
{"validation": {"step": 10000, "bpb": 1.6944907763423895, "token_ppl": 35.88744799909282, "nll_nats": 1348370.38843486, "targets": 376599, "utf8_bytes": 1148007, "seconds": 2.2282642479985952}}
{"step": 10100, "loss": 1.9702001810073853, "seconds": 621.4998654923402}
{"step": 10200, "loss": 1.9488731622695923, "seconds": 627.3899037493393}
{"step": 10300, "loss": 1.8892533779144287, "seconds": 633.6307594743557}
{"step": 10400, "loss": 2.1074650287628174, "seconds": 639.8796778463293}
{"step": 10500, "loss": 2.132547378540039, "seconds": 646.119011325296}
{"validation": {"step": 10500, "bpb": 1.7097731215071441, "token_ppl": 37.065200878075395, "nll_nats": 1360531.128389122, "targets": 376599, "utf8_bytes": 1148007, "seconds": 2.2289747959002852}}
{"step": 10600, "loss": 2.0653607845306396, "seconds": 652.0702344563324}
{"step": 10700, "loss": 1.9658551216125488, "seconds": 658.2935943063349}
{"step": 10800, "loss": 2.1097733974456787, "seconds": 664.5267938424367}
{"step": 10900, "loss": 1.9687087535858154, "seconds": 670.7547080134973}
{"step": 11000, "loss": 2.0160131454467773, "seconds": 676.9970367862843}
{"validation": {"step": 11000, "bpb": 1.7165280711284039, "token_ppl": 37.59802308827041, "nll_nats": 1365906.2972432931, "targets": 376599, "utf8_bytes": 1148007, "seconds": 2.1769071428570896}}
{"step": 11100, "loss": 1.9937385320663452, "seconds": 682.9404066295829}
{"step": 11200, "loss": 1.9098142385482788, "seconds": 689.3391109704971}
{"step": 11300, "loss": 1.9515291452407837, "seconds": 695.5668050944805}
{"step": 11400, "loss": 1.915774941444397, "seconds": 701.7948711214121}
{"step": 11500, "loss": 1.951877474784851, "seconds": 707.7446734495461}
{"validation": {"step": 11500, "bpb": 1.7361029527046126, "token_ppl": 39.185719085061024, "nll_nats": 1381482.7707437577, "targets": 376599, "utf8_bytes": 1148007, "seconds": 2.1403337619267404}}
{"step": 11600, "loss": 1.9196466207504272, "seconds": 714.0091264424846}
{"step": 11700, "loss": 1.8177001476287842, "seconds": 720.240430903621}
{"step": 11800, "loss": 1.7734670639038086, "seconds": 726.4723682135809}
{"step": 11900, "loss": 1.857468605041504, "seconds": 732.7059828084894}
{"step": 12000, "loss": 1.801783800125122, "seconds": 738.5116173925344}
{"validation": {"step": 12000, "bpb": 1.754914379473651, "token_ppl": 40.77463199984008, "nll_nats": 1396451.7343838746, "targets": 376599, "utf8_bytes": 1148007, "seconds": 2.227829596027732}}
{"step": 12100, "loss": 1.8259671926498413, "seconds": 744.7910579666495}
{"step": 12200, "loss": 1.8295905590057373, "seconds": 751.0195627845824}
{"step": 12300, "loss": 1.772919774055481, "seconds": 757.2416791995056}
{"step": 12400, "loss": 1.7261134386062622, "seconds": 763.044106584508}
{"step": 12500, "loss": 1.879801630973816, "seconds": 769.2649751265999}
{"validation": {"step": 12500, "bpb": 1.7639820659123826, "token_ppl": 41.56339128402227, "nll_nats": 1403667.2353805748, "targets": 376599, "utf8_bytes": 1148007, "seconds": 2.22123045893386}}
{"step": 12600, "loss": 1.753332495689392, "seconds": 775.5639357815962}
{"step": 12700, "loss": 1.7141714096069336, "seconds": 781.7923331286293}
{"step": 12800, "loss": 1.7723585367202759, "seconds": 787.8110325906891}
{"step": 12900, "loss": 1.7056015729904175, "seconds": 793.9209253645968}
{"step": 13000, "loss": 1.776902198791504, "seconds": 800.146587982541}
{"validation": {"step": 13000, "bpb": 1.773637766685782, "token_ppl": 42.42008069453531, "nll_nats": 1411350.6416193165, "targets": 376599, "utf8_bytes": 1148007, "seconds": 2.2307419260032475}}
{"step": 13100, "loss": 1.7696765661239624, "seconds": 806.4278309596702}
{"step": 13200, "loss": 1.7142722606658936, "seconds": 812.647523607593}
{"step": 13300, "loss": 1.7258634567260742, "seconds": 818.4879280705936}
{"step": 13400, "loss": 1.7109278440475464, "seconds": 824.7296561826952}
{"step": 13500, "loss": 1.6227614879608154, "seconds": 830.9679134555627}
{"validation": {"step": 13500, "bpb": 1.7973092104853141, "token_ppl": 44.59575229779897, "nll_nats": 1430186.9045936626, "targets": 376599, "utf8_bytes": 1148007, "seconds": 2.240746083902195}}
{"step": 13600, "loss": 1.578749179840088, "seconds": 837.2286136196926}
{"step": 13700, "loss": 1.614728569984436, "seconds": 843.0767848338}
{"step": 13800, "loss": 1.6568620204925537, "seconds": 849.308979787631}
{"step": 13900, "loss": 1.67831552028656, "seconds": 855.5270395327825}
{"step": 14000, "loss": 1.586639165878296, "seconds": 861.7567573697306}
{"validation": {"step": 14000, "bpb": 1.8175619906212173, "token_ppl": 46.545572453038474, "nll_nats": 1446302.8076130224, "targets": 376599, "utf8_bytes": 1148007, "seconds": 2.228182306047529}}
{"step": 14100, "loss": 1.748266339302063, "seconds": 867.884948992636}
{"step": 14200, "loss": 1.6277194023132324, "seconds": 873.9054474737495}
{"step": 14300, "loss": 1.646594524383545, "seconds": 880.1329850426409}
{"step": 14400, "loss": 1.7207109928131104, "seconds": 886.3578857786488}
{"step": 14500, "loss": 1.464795470237732, "seconds": 892.5959360827692}
{"validation": {"step": 14500, "bpb": 1.8355841611477088, "token_ppl": 48.352212077180866, "nll_nats": 1460643.7302149725, "targets": 376599, "utf8_bytes": 1148007, "seconds": 2.23201145301573}}
{"step": 14600, "loss": 1.6672405004501343, "seconds": 898.4713896317407}
{"step": 14700, "loss": 1.5675746202468872, "seconds": 904.6868145726621}
{"step": 14800, "loss": 1.5136677026748657, "seconds": 910.9013250796124}
{"step": 14900, "loss": 1.591170310974121, "seconds": 917.129566695774}
{"step": 15000, "loss": 1.4293956756591797, "seconds": 923.3360103066079}
{"validation": {"step": 15000, "bpb": 1.858408388041201, "token_ppl": 50.741220185988205, "nll_nats": 1478805.83065941, "targets": 376599, "utf8_bytes": 1148007, "seconds": 1.8393104749266058}}
{"step": 15100, "loss": 1.5792587995529175, "seconds": 929.6011920007877}
{"step": 15200, "loss": 1.6319605112075806, "seconds": 935.8261865926906}
{"step": 15300, "loss": 1.5243966579437256, "seconds": 942.033693861682}
{"step": 15400, "loss": 1.5520182847976685, "seconds": 948.2625806008}
{"step": 15500, "loss": 1.632720947265625, "seconds": 954.1009351748507}
{"validation": {"step": 15500, "bpb": 1.8621684942388268, "token_ppl": 51.14596213405228, "nll_nats": 1481797.8893504539, "targets": 376599, "utf8_bytes": 1148007, "seconds": 2.2390396709088236}}
{"step": 15600, "loss": 1.5717673301696777, "seconds": 960.371490187943}
{"step": 15700, "loss": 1.4550741910934448, "seconds": 966.5920063517988}
{"step": 15800, "loss": 1.4236897230148315, "seconds": 972.8046422558837}
{"step": 15900, "loss": 1.387723445892334, "seconds": 978.7562291678041}
{"step": 16000, "loss": 1.5162209272384644, "seconds": 984.849452349823}
{"validation": {"step": 16000, "bpb": 1.885508567648934, "token_ppl": 53.73153854474413, "nll_nats": 1500370.4683750595, "targets": 376599, "utf8_bytes": 1148007, "seconds": 2.220923393033445}}
{"step": 16100, "loss": 1.5204535722732544, "seconds": 991.1271232469007}
{"step": 16200, "loss": 1.4450167417526245, "seconds": 997.3463516638149}
{"step": 16300, "loss": 1.3351460695266724, "seconds": 1003.570681694895}
{"step": 16400, "loss": 1.4313218593597412, "seconds": 1009.4440234128851}
{"step": 16500, "loss": 1.3368730545043945, "seconds": 1015.6688344907016}
{"validation": {"step": 16500, "bpb": 1.9086790684038022, "token_ppl": 56.42760170101791, "nll_nats": 1518808.1120254484, "targets": 376599, "utf8_bytes": 1148007, "seconds": 2.2399432591628283}}
{"step": 16600, "loss": 1.401772141456604, "seconds": 1021.9391787245404}
{"step": 16700, "loss": 1.4244639873504639, "seconds": 1028.155843476532}
{"step": 16800, "loss": 1.367856502532959, "seconds": 1034.0279906166252}
{"step": 16900, "loss": 1.3908345699310303, "seconds": 1040.2614398866426}
{"step": 17000, "loss": 1.3263252973556519, "seconds": 1046.4864140956197}
{"validation": {"step": 17000, "bpb": 1.9122820692668117, "token_ppl": 56.85882377242282, "nll_nats": 1521675.1560607506, "targets": 376599, "utf8_bytes": 1148007, "seconds": 2.227239543106407}}
{"step": 17100, "loss": 1.2993806600570679, "seconds": 1052.7526983604766}
{"step": 17200, "loss": 1.3176748752593994, "seconds": 1058.7673140354455}
{"step": 17300, "loss": 1.3463354110717773, "seconds": 1064.8401819756255}
{"step": 17400, "loss": 1.2754110097885132, "seconds": 1071.0536011094227}
{"step": 17500, "loss": 1.2784533500671387, "seconds": 1077.2811489955056}
{"validation": {"step": 17500, "bpb": 1.9432200629549368, "token_ppl": 60.699902779978636, "nll_nats": 1546293.6875683093, "targets": 376599, "utf8_bytes": 1148007, "seconds": 2.2306430521421134}}
{"step": 17600, "loss": 1.2595773935317993, "seconds": 1083.5466916973237}
{"step": 17700, "loss": 1.4338386058807373, "seconds": 1088.9675485244952}
{"step": 17800, "loss": 1.2794158458709717, "seconds": 1093.8141877735034}
{"step": 17900, "loss": 1.3219614028930664, "seconds": 1098.2366825405043}
{"step": 18000, "loss": 1.2800722122192383, "seconds": 1102.7885463924613}
{"validation": {"step": 18000, "bpb": 1.9625946407980124, "token_ppl": 63.23637964651404, "nll_nats": 1561710.7718137715, "targets": 376599, "utf8_bytes": 1148007, "seconds": 0.9011624399572611}}
{"step": 18100, "loss": 1.2874624729156494, "seconds": 1107.3759366213344}
{"step": 18200, "loss": 1.2582783699035645, "seconds": 1112.0044341634493}
{"step": 18300, "loss": 1.3091551065444946, "seconds": 1117.2125194603577}
{"step": 18400, "loss": 1.308788537979126, "seconds": 1122.4062479455024}
{"step": 18500, "loss": 1.2050926685333252, "seconds": 1127.1374212524388}
{"validation": {"step": 18500, "bpb": 1.9873150390099206, "token_ppl": 66.62720132376083, "nll_nats": 1581381.7274805848, "targets": 376599, "utf8_bytes": 1148007, "seconds": 0.8999986320268363}}
{"step": 18600, "loss": 1.2809216976165771, "seconds": 1131.8728597103618}
{"step": 18700, "loss": 1.269130825996399, "seconds": 1136.8172654754017}
{"step": 18800, "loss": 1.359260082244873, "seconds": 1141.8769650894683}
{"step": 18900, "loss": 1.269103765487671, "seconds": 1146.567701174412}
{"step": 19000, "loss": 1.1810415983200073, "seconds": 1151.1472263184842}
{"validation": {"step": 19000, "bpb": 1.996278708741572, "token_ppl": 67.90113694431331, "nll_nats": 1588514.458450037, "targets": 376599, "utf8_bytes": 1148007, "seconds": 0.8995646589901298}}
{"step": 19100, "loss": 1.169650673866272, "seconds": 1155.753020491451}
{"step": 19200, "loss": 1.2507954835891724, "seconds": 1160.4259087764658}
{"step": 19300, "loss": 1.1139041185379028, "seconds": 1165.2372257634997}
{"step": 19400, "loss": 1.2360587120056152, "seconds": 1170.0518191664014}
{"step": 19500, "loss": 1.1537872552871704, "seconds": 1174.5174909364432}
{"validation": {"step": 19500, "bpb": 1.992362117496837, "token_ppl": 67.341533541097, "nll_nats": 1585397.8786894772, "targets": 376599, "utf8_bytes": 1148007, "seconds": 0.901090034050867}}
{"step": 19600, "loss": 1.2182811498641968, "seconds": 1178.3711102504749}
{"step": 19700, "loss": 1.1364104747772217, "seconds": 1182.8983316193335}
{"step": 19800, "loss": 1.1512219905853271, "seconds": 1187.5543711534701}
{"step": 19900, "loss": 1.2782138586044312, "seconds": 1192.3567913384177}
{"step": 20000, "loss": 1.1290233135223389, "seconds": 1197.132848430425}
{"validation": {"step": 20000, "bpb": 2.0238567076204075, "token_ppl": 71.97536647471395, "nll_nats": 1610459.315028588, "targets": 376599, "utf8_bytes": 1148007, "seconds": 0.9005606391001493}}
{
  "protocol": "7506-mp1-wt2-v2",
  "implementation": "student",
  "config": {
    "vocab": 2048,
    "width": 320,
    "heads": 8,
    "depth": 8,
    "context": 256,
    "dropout": 0.0
  },
  "seed": 17,
  "parameters": 10509440,
  "precision": "bf16",
  "train_tokens": 163840000,
  "preparation_seconds": 11.664715592050925,
  "train_seconds": 1197.1797397132032,
  "validation": {
    "bpb": 2.0238567076204075,
    "token_ppl": 71.97536647471395,
    "nll_nats": 1610459.315028588,
    "targets": 376599,
    "utf8_bytes": 1148007,
    "seconds": 0.8966346730012447
  },
  "history": [],
  "validation_history": [
    {
      "step": 500,
      "bpb": 1.9055800025042535,
      "token_ppl": 56.059309865284526,
      "nll_nats": 1516342.0680970303,
      "targets": 376599,
      "utf8_bytes": 1148007,
      "seconds": 2.335952252149582
    },
    {
      "step": 1000,
      "bpb": 1.7626292387655544,
      "token_ppl": 41.44475335422927,
      "nll_nats": 1402590.7396622614,
      "targets": 376599,
      "utf8_bytes": 1148007,
      "seconds": 2.2189102969132364
    },
    {
      "step": 1500,
      "bpb": 1.695108520102798,
      "token_ppl": 35.93432126825099,
      "nll_nats": 1348861.9505051905,
      "targets": 376599,
      "utf8_bytes": 1148007,
      "seconds": 2.2059054728597403
    },
    {
      "step": 2000,
      "bpb": 1.655372672970893,
      "token_ppl": 33.04045410474818,
      "nll_nats": 1317242.634318834,
      "targets": 376599,
      "utf8_bytes": 1148007,
      "seconds": 2.214815674116835
    },
    {
      "step": 2500,
      "bpb": 1.6364492959449346,
      "token_ppl": 31.74541782702121,
      "nll_nats": 1302184.5876258519,
      "targets": 376599,
      "utf8_bytes": 1148007,
      "seconds": 2.2352819049265236
    },
    {
      "step": 3000,
      "bpb": 1.6353270389290253,
      "token_ppl": 31.670229677590456,
      "nll_nats": 1301291.5652797925,
      "targets": 376599,
      "utf8_bytes": 1148007,
      "seconds": 2.221228649839759
    },
    {
      "step": 3500,
      "bpb": 1.617440849180737,
      "token_ppl": 30.495659060811168,
      "nll_nats": 1287058.8477252144,
      "targets": 376599,
      "utf8_bytes": 1148007,
      "seconds": 2.230665927985683
    },
    {
      "step": 4000,
      "bpb": 1.6177696078658084,
      "token_ppl": 30.51685032880879,
      "nll_nats": 1287320.4534430383,
      "targets": 376599,
      "utf8_bytes": 1148007,
      "seconds": 1.8162255799397826
    },
    {
      "step": 4500,
      "bpb": 1.6160262339893385,
      "token_ppl": 30.40464294876872,
      "nll_nats": 1285933.1849233021,
      "targets": 376599,
      "utf8_bytes": 1148007,
      "seconds": 2.2273893360979855
    },
    {
      "step": 5000,
      "bpb": 1.618571974150308,
      "token_ppl": 30.568631445238253,
      "nll_nats": 1287958.9266373469,
      "targets": 376599,
      "utf8_bytes": 1148007,
      "seconds": 2.235898185055703
    },
    {
      "step": 5500,
      "bpb": 1.621145474090287,
      "token_ppl": 30.73530715339514,
      "nll_nats": 1290006.7578572943,
      "targets": 376599,
      "utf8_bytes": 1148007,
      "seconds": 2.2390711791813374
    },
    {
      "step": 6000,
      "bpb": 1.6243576782821172,
      "token_ppl": 30.94462497364689,
      "nll_nats": 1292562.8302032405,
      "targets": 376599,
      "utf8_bytes": 1148007,
      "seconds": 2.24587718420662
    },
    {
      "step": 6500,
      "bpb": 1.6361530574353387,
      "token_ppl": 31.72555333414179,
      "nll_nats": 1301948.8594414145,
      "targets": 376599,
      "utf8_bytes": 1148007,
      "seconds": 2.246864285087213
    },
    {
      "step": 7000,
      "bpb": 1.6443427290657597,
      "token_ppl": 32.27932350319096,
      "nll_nats": 1308465.6908527373,
      "targets": 376599,
      "utf8_bytes": 1148007,
      "seconds": 2.250413481146097
    },
    {
      "step": 7500,
      "bpb": 1.6506066361567198,
      "token_ppl": 32.70939212869213,
      "nll_nats": 1313450.118596622,
      "targets": 376599,
      "utf8_bytes": 1148007,
      "seconds": 2.060932818101719
    },
    {
      "step": 8000,
      "bpb": 1.6574920917990046,
      "token_ppl": 33.188749078475084,
      "nll_nats": 1318929.1360268488,
      "targets": 376599,
      "utf8_bytes": 1148007,
      "seconds": 2.2356389828491956
    },
    {
      "step": 8500,
      "bpb": 1.669599713130446,
      "token_ppl": 34.048767286830746,
      "nll_nats": 1328563.628173768,
      "targets": 376599,
      "utf8_bytes": 1148007,
      "seconds": 2.2384622460231185
    },
    {
      "step": 9000,
      "bpb": 1.680043444598733,
      "token_ppl": 34.808478541426666,
      "nll_nats": 1336874.1002360592,
      "targets": 376599,
      "utf8_bytes": 1148007,
      "seconds": 2.2300099681597203
    },
    {
      "step": 9500,
      "bpb": 1.6864355676618623,
      "token_ppl": 35.28180104950169,
      "nll_nats": 1341960.5542775262,
      "targets": 376599,
      "utf8_bytes": 1148007,
      "seconds": 2.221672010142356
    },
    {
      "step": 10000,
      "bpb": 1.6944907763423895,
      "token_ppl": 35.88744799909282,
      "nll_nats": 1348370.38843486,
      "targets": 376599,
      "utf8_bytes": 1148007,
      "seconds": 2.2282642479985952
    },
    {
      "step": 10500,
      "bpb": 1.7097731215071441,
      "token_ppl": 37.065200878075395,
      "nll_nats": 1360531.128389122,
      "targets": 376599,
      "utf8_bytes": 1148007,
      "seconds": 2.2289747959002852
    },
    {
      "step": 11000,
      "bpb": 1.7165280711284039,
      "token_ppl": 37.59802308827041,
      "nll_nats": 1365906.2972432931,
      "targets": 376599,
      "utf8_bytes": 1148007,
      "seconds": 2.1769071428570896
    },
    {
      "step": 11500,
      "bpb": 1.7361029527046126,
      "token_ppl": 39.185719085061024,
      "nll_nats": 1381482.7707437577,
      "targets": 376599,
      "utf8_bytes": 1148007,
      "seconds": 2.1403337619267404
    },
    {
      "step": 12000,
      "bpb": 1.754914379473651,
      "token_ppl": 40.77463199984008,
      "nll_nats": 1396451.7343838746,
      "targets": 376599,
      "utf8_bytes": 1148007,
      "seconds": 2.227829596027732
    },
    {
      "step": 12500,
      "bpb": 1.7639820659123826,
      "token_ppl": 41.56339128402227,
      "nll_nats": 1403667.2353805748,
      "targets": 376599,
      "utf8_bytes": 1148007,
      "seconds": 2.22123045893386
    },
    {
      "step": 13000,
      "bpb": 1.773637766685782,
      "token_ppl": 42.42008069453531,
      "nll_nats": 1411350.6416193165,
      "targets": 376599,
      "utf8_bytes": 1148007,
      "seconds": 2.2307419260032475
    },
    {
      "step": 13500,
      "bpb": 1.7973092104853141,
      "token_ppl": 44.59575229779897,
      "nll_nats": 1430186.9045936626,
      "targets": 376599,
      "utf8_bytes": 1148007,
      "seconds": 2.240746083902195
    },
    {
      "step": 14000,
      "bpb": 1.8175619906212173,
      "token_ppl": 46.545572453038474,
      "nll_nats": 1446302.8076130224,
      "targets": 376599,
      "utf8_bytes": 1148007,
      "seconds": 2.228182306047529
    },
    {
      "step": 14500,
      "bpb": 1.8355841611477088,
      "token_ppl": 48.352212077180866,
      "nll_nats": 1460643.7302149725,
      "targets": 376599,
      "utf8_bytes": 1148007,
      "seconds": 2.23201145301573
    },
    {
      "step": 15000,
      "bpb": 1.858408388041201,
      "token_ppl": 50.741220185988205,
      "nll_nats": 1478805.83065941,
      "targets": 376599,
      "utf8_bytes": 1148007,
      "seconds": 1.8393104749266058
    },
    {
      "step": 15500,
      "bpb": 1.8621684942388268,
      "token_ppl": 51.14596213405228,
      "nll_nats": 1481797.8893504539,
      "targets": 376599,
      "utf8_bytes": 1148007,
      "seconds": 2.2390396709088236
    },
    {
      "step": 16000,
      "bpb": 1.885508567648934,
      "token_ppl": 53.73153854474413,
      "nll_nats": 1500370.4683750595,
      "targets": 376599,
      "utf8_bytes": 1148007,
      "seconds": 2.220923393033445
    },
    {
      "step": 16500,
      "bpb": 1.9086790684038022,
      "token_ppl": 56.42760170101791,
      "nll_nats": 1518808.1120254484,
      "targets": 376599,
      "utf8_bytes": 1148007,
      "seconds": 2.2399432591628283
    },
    {
      "step": 17000,
      "bpb": 1.9122820692668117,
      "token_ppl": 56.85882377242282,
      "nll_nats": 1521675.1560607506,
      "targets": 376599,
      "utf8_bytes": 1148007,
      "seconds": 2.227239543106407
    },
    {
      "step": 17500,
      "bpb": 1.9432200629549368,
      "token_ppl": 60.699902779978636,
      "nll_nats": 1546293.6875683093,
      "targets": 376599,
      "utf8_bytes": 1148007,
      "seconds": 2.2306430521421134
    },
    {
      "step": 18000,
      "bpb": 1.9625946407980124,
      "token_ppl": 63.23637964651404,
      "nll_nats": 1561710.7718137715,
      "targets": 376599,
      "utf8_bytes": 1148007,
      "seconds": 0.9011624399572611
    },
    {
      "step": 18500,
      "bpb": 1.9873150390099206,
      "token_ppl": 66.62720132376083,
      "nll_nats": 1581381.7274805848,
      "targets": 376599,
      "utf8_bytes": 1148007,
      "seconds": 0.8999986320268363
    },
    {
      "step": 19000,
      "bpb": 1.996278708741572,
      "token_ppl": 67.90113694431331,
      "nll_nats": 1588514.458450037,
      "targets": 376599,
      "utf8_bytes": 1148007,
      "seconds": 0.8995646589901298
    },
    {
      "step": 19500,
      "bpb": 1.992362117496837,
      "token_ppl": 67.341533541097,
      "nll_nats": 1585397.8786894772,
      "targets": 376599,
      "utf8_bytes": 1148007,
      "seconds": 0.901090034050867
    },
    {
      "step": 20000,
      "bpb": 2.0238567076204075,
      "token_ppl": 71.97536647471395,
      "nll_nats": 1610459.315028588,
      "targets": 376599,
      "utf8_bytes": 1148007,
      "seconds": 0.9005606391001493
    }
  ],
  "intermediate_validation_seconds": 81.56591300480068,
  "process_seconds": 1291.8639799098019,
  "torch_version": "2.7.1+cu126",
  "threads": 4,
  "checkpoint_sha256": "046932901cc298d69b34ac9f0ff435b00e1ce49295f6c8848be232d48eafa2fe",
  "implementation_sha256": "46a366695617dc6945a8f1813ec98ad118b5333d00c7fb4db4157948ae5f20d0",
  "device": "cuda:0",
  "device_name": "NVIDIA GeForce RTX 3080 Ti",
  "peak_allocated_gb": 1.304378368,
  "peak_reserved_gb": 1.344274432
}
